Archive member included to satisfy reference by file (symbol)

e:/mounriver_studio/toolchain/risc-v embedded gcc/bin/../lib/gcc/riscv-none-embed/8.2.0/rv32imac/ilp32\libgcc.a(muldf3.o)
                              CMakeFiles/ina_iic.elf.dir/User/main.c.obj (__muldf3)
e:/mounriver_studio/toolchain/risc-v embedded gcc/bin/../lib/gcc/riscv-none-embed/8.2.0/rv32imac/ilp32\libgcc.a(floatsidf.o)
                              CMakeFiles/ina_iic.elf.dir/User/main.c.obj (__floatsidf)
e:/mounriver_studio/toolchain/risc-v embedded gcc/bin/../lib/gcc/riscv-none-embed/8.2.0/rv32imac/ilp32\libgcc.a(save-restore.o)
                              CMakeFiles/ina_iic.elf.dir/Peripheral/src/ch32l103_flash.c.obj (__riscv_save_6)
e:/mounriver_studio/toolchain/risc-v embedded gcc/bin/../lib/gcc/riscv-none-embed/8.2.0/rv32imac/ilp32\libgcc.a(_clzsi2.o)
                              e:/mounriver_studio/toolchain/risc-v embedded gcc/bin/../lib/gcc/riscv-none-embed/8.2.0/rv32imac/ilp32\libgcc.a(muldf3.o) (__clzsi2)
e:/mounriver_studio/toolchain/risc-v embedded gcc/bin/../lib/gcc/riscv-none-embed/8.2.0/rv32imac/ilp32\libgcc.a(_clz.o)
                              e:/mounriver_studio/toolchain/risc-v embedded gcc/bin/../lib/gcc/riscv-none-embed/8.2.0/rv32imac/ilp32\libgcc.a(_clzsi2.o) (__clz_tab)
e:/mounriver_studio/toolchain/risc-v embedded gcc/bin/../lib/gcc/riscv-none-embed/8.2.0/../../../../riscv-none-embed/lib/rv32imac/ilp32\libg_nano.a(lib_a-nano-vfprintf_float.o)
                              (_printf_float)
e:/mounriver_studio/toolchain/risc-v embedded gcc/bin/../lib/gcc/riscv-none-embed/8.2.0/../../../../riscv-none-embed/lib/rv32imac/ilp32\libg_nano.a(lib_a-nano-vfprintf_i.o)
                              e:/mounriver_studio/toolchain/risc-v embedded gcc/bin/../lib/gcc/riscv-none-embed/8.2.0/../../../../riscv-none-embed/lib/rv32imac/ilp32\libg_nano.a(lib_a-nano-vfprintf_float.o) (_printf_common)
e:/mounriver_studio/toolchain/risc-v embedded gcc/bin/../lib/gcc/riscv-none-embed/8.2.0/../../../../riscv-none-embed/lib/rv32imac/ilp32\libg_nano.a(lib_a-nano-vfscanf_float.o)
                              (_scanf_float)
e:/mounriver_studio/toolchain/risc-v embedded gcc/bin/../lib/gcc/riscv-none-embed/8.2.0/../../../../riscv-none-embed/lib/rv32imac/ilp32\libg_nano.a(lib_a-printf.o)
                              CMakeFiles/ina_iic.elf.dir/User/main.c.obj (printf)
e:/mounriver_studio/toolchain/risc-v embedded gcc/bin/../lib/gcc/riscv-none-embed/8.2.0/../../../../riscv-none-embed/lib/rv32imac/ilp32\libg_nano.a(lib_a-puts.o)
                              CMakeFiles/ina_iic.elf.dir/User/ina226.c.obj (puts)
e:/mounriver_studio/toolchain/risc-v embedded gcc/bin/../lib/gcc/riscv-none-embed/8.2.0/../../../../riscv-none-embed/lib/rv32imac/ilp32\libg_nano.a(lib_a-sf_nan.o)
                              e:/mounriver_studio/toolchain/risc-v embedded gcc/bin/../lib/gcc/riscv-none-embed/8.2.0/../../../../riscv-none-embed/lib/rv32imac/ilp32\libg_nano.a(lib_a-nano-vfscanf_float.o) (nanf)
e:/mounriver_studio/toolchain/risc-v embedded gcc/bin/../lib/gcc/riscv-none-embed/8.2.0/../../../../riscv-none-embed/lib/rv32imac/ilp32\libg_nano.a(lib_a-sprintf.o)
                              e:/mounriver_studio/toolchain/risc-v embedded gcc/bin/../lib/gcc/riscv-none-embed/8.2.0/../../../../riscv-none-embed/lib/rv32imac/ilp32\libg_nano.a(lib_a-nano-vfscanf_float.o) (sprintf)
e:/mounriver_studio/toolchain/risc-v embedded gcc/bin/../lib/gcc/riscv-none-embed/8.2.0/../../../../riscv-none-embed/lib/rv32imac/ilp32\libg_nano.a(lib_a-strlen.o)
                              e:/mounriver_studio/toolchain/risc-v embedded gcc/bin/../lib/gcc/riscv-none-embed/8.2.0/../../../../riscv-none-embed/lib/rv32imac/ilp32\libg_nano.a(lib_a-nano-vfprintf_float.o) (strlen)
e:/mounriver_studio/toolchain/risc-v embedded gcc/bin/../lib/gcc/riscv-none-embed/8.2.0/../../../../riscv-none-embed/lib/rv32imac/ilp32\libg_nano.a(lib_a-strtod.o)
                              e:/mounriver_studio/toolchain/risc-v embedded gcc/bin/../lib/gcc/riscv-none-embed/8.2.0/../../../../riscv-none-embed/lib/rv32imac/ilp32\libg_nano.a(lib_a-nano-vfscanf_float.o) (_strtod_r)
e:/mounriver_studio/toolchain/risc-v embedded gcc/bin/../lib/gcc/riscv-none-embed/8.2.0/../../../../riscv-none-embed/lib/rv32imac/ilp32\libg_nano.a(lib_a-strtol.o)
                              e:/mounriver_studio/toolchain/risc-v embedded gcc/bin/../lib/gcc/riscv-none-embed/8.2.0/../../../../riscv-none-embed/lib/rv32imac/ilp32\libg_nano.a(lib_a-nano-vfscanf_float.o) (_strtol_r)
e:/mounriver_studio/toolchain/risc-v embedded gcc/bin/../lib/gcc/riscv-none-embed/8.2.0/../../../../riscv-none-embed/lib/rv32imac/ilp32\libg_nano.a(lib_a-wbuf.o)
                              e:/mounriver_studio/toolchain/risc-v embedded gcc/bin/../lib/gcc/riscv-none-embed/8.2.0/../../../../riscv-none-embed/lib/rv32imac/ilp32\libg_nano.a(lib_a-puts.o) (__swbuf_r)
[...]
Memory Configuration

Name             Origin             Length             Attributes
FLASH            0x0000000000000000 0x0000000000010000 xr
RAM              0x0000000020000000 0x0000000000005000 xrw
*default*        0x0000000000000000 0xffffffffffffffff

Linker script and memory map

LOAD CMakeFiles/ina_iic.elf.dir/Core/core_riscv.c.obj
LOAD CMakeFiles/ina_iic.elf.dir/Debug/debug.c.obj
LOAD CMakeFiles/ina_iic.elf.dir/Peripheral/src/ch32l103_adc.c.obj
LOAD CMakeFiles/ina_iic.elf.dir/Peripheral/src/ch32l103_bkp.c.obj
LOAD CMakeFiles/ina_iic.elf.dir/Peripheral/src/ch32l103_can.c.obj
LOAD CMakeFiles/ina_iic.elf.dir/Peripheral/src/ch32l103_crc.c.obj
LOAD CMakeFiles/ina_iic.elf.dir/Peripheral/src/ch32l103_dbgmcu.c.obj
LOAD CMakeFiles/ina_iic.elf.dir/Peripheral/src/ch32l103_dma.c.obj
LOAD CMakeFiles/ina_iic.elf.dir/Peripheral/src/ch32l103_exti.c.obj
LOAD CMakeFiles/ina_iic.elf.dir/Peripheral/src/ch32l103_flash.c.obj
LOAD CMakeFiles/ina_iic.elf.dir/Peripheral/src/ch32l103_gpio.c.obj
LOAD CMakeFiles/ina_iic.elf.dir/Peripheral/src/ch32l103_i2c.c.obj
LOAD CMakeFiles/ina_iic.elf.dir/Peripheral/src/ch32l103_iwdg.c.obj
LOAD CMakeFiles/ina_iic.elf.dir/Peripheral/src/ch32l103_lptim.c.obj
LOAD CMakeFiles/ina_iic.elf.dir/Peripheral/src/ch32l103_misc.c.obj
LOAD CMakeFiles/ina_iic.elf.dir/Peripheral/src/ch32l103_opa.c.obj
LOAD CMakeFiles/ina_iic.elf.dir/Peripheral/src/ch32l103_pwr.c.obj
LOAD CMakeFiles/ina_iic.elf.dir/Peripheral/src/ch32l103_rcc.c.obj
LOAD CMakeFiles/ina_iic.elf.dir/Peripheral/src/ch32l103_rtc.c.obj
LOAD CMakeFiles/ina_iic.elf.dir/Peripheral/src/ch32l103_spi.c.obj
LOAD CMakeFiles/ina_iic.elf.dir/Peripheral/src/ch32l103_tim.c.obj
LOAD CMakeFiles/ina_iic.elf.dir/Peripheral/src/ch32l103_usart.c.obj
LOAD CMakeFiles/ina_iic.elf.dir/Peripheral/src/ch32l103_wwdg.c.obj
LOAD CMakeFiles/ina_iic.elf.dir/Startup/startup_ch32l103.S.obj
LOAD CMakeFiles/ina_iic.elf.dir/User/ch32l103_it.c.obj
LOAD CMakeFiles/ina_iic.elf.dir/User/ina226.c.obj
LOAD CMakeFiles/ina_iic.elf.dir/User/main.c.obj
LOAD CMakeFiles/ina_iic.elf.dir/User/system_ch32l103.c.obj
LOAD e:/mounriver_studio/toolchain/risc-v embedded gcc/bin/../lib/gcc/riscv-none-embed/8.2.0/rv32imac/ilp32\libgcc.a
LOAD e:/mounriver_studio/toolchain/risc-v embedded gcc/bin/../lib/gcc/riscv-none-embed/8.2.0/../../../../riscv-none-embed/lib/rv32imac/ilp32\libg_nano.a
LOAD e:/mounriver_studio/toolchain/risc-v embedded gcc/bin/../lib/gcc/riscv-none-embed/8.2.0/../../../../riscv-none-embed/lib/rv32imac/ilp32\libc_nano.a
LOAD e:/mounriver_studio/toolchain/risc-v embedded gcc/bin/../lib/gcc/riscv-none-embed/8.2.0/rv32imac/ilp32\libgcc.a
START GROUP
LOAD e:/mounriver_studio/toolchain/risc-v embedded gcc/bin/../lib/gcc/riscv-none-embed/8.2.0/rv32imac/ilp32\libgcc.a
LOAD e:/mounriver_studio/toolchain/risc-v embedded gcc/bin/../lib/gcc/riscv-none-embed/8.2.0/../../../../riscv-none-embed/lib/rv32imac/ilp32\libc_nano.a
LOAD e:/mounriver_studio/toolchain/risc-v embedded gcc/bin/../lib/gcc/riscv-none-embed/8.2.0/../../../../riscv-none-embed/lib/rv32imac/ilp32\libnosys.a
END GROUP
START GROUP
LOAD e:/mounriver_studio/toolchain/risc-v embedded gcc/bin/../lib/gcc/riscv-none-embed/8.2.0/rv32imac/ilp32\libgcc.a
LOAD e:/mounriver_studio/toolchain/risc-v embedded gcc/bin/../lib/gcc/riscv-none-embed/8.2.0/../../../../riscv-none-embed/lib/rv32imac/ilp32\libc_nano.a
LOAD e:/mounriver_studio/toolchain/risc-v embedded gcc/bin/../lib/gcc/riscv-none-embed/8.2.0/../../../../riscv-none-embed/lib/rv32imac/ilp32\libnosys.a
END GROUP
                0x0000000000000800                __stack_size = 0x800
                [!provide]                        PROVIDE (_stack_size = __stack_size)

.init           0x0000000000000000        0x4
                0x0000000000000000                _sinit = .
                0x0000000000000000                . = ALIGN (0x4)
 *(SORT_NONE(.init))
 .init          0x0000000000000000        0x4 CMakeFiles/ina_iic.elf.dir/Startup/startup_ch32l103.S.obj
                0x0000000000000000                _start
                0x0000000000000004                . = ALIGN (0x4)
                0x0000000000000004                _einit = .

.vector         0x0000000000000004      0x13c
 *(.vector)
 .vector        0x0000000000000004      0x114 CMakeFiles/ina_iic.elf.dir/Startup/startup_ch32l103.S.obj
                0x0000000000000140                . = ALIGN (0x40)
 *fill*         0x0000000000000118       0x28 

.text           0x0000000000000140     0x88b4
                0x0000000000000140                . = ALIGN (0x4)
 *(.text)
 .text          0x0000000000000140       0x60 e:/mounriver_studio/toolchain/risc-v embedded gcc/bin/../lib/gcc/riscv-none-embed/8.2.0/rv32imac/ilp32\libgcc.a(save-restore.o)
                0x0000000000000140                __riscv_save_12
                0x0000000000000148                __riscv_save_9
                0x0000000000000148                __riscv_save_11
                0x0000000000000148                __riscv_save_10
                0x0000000000000148                __riscv_save_8
                0x0000000000000156                __riscv_save_4
                0x0000000000000156                __riscv_save_6
                0x0000000000000156                __riscv_save_5
                0x0000000000000156                __riscv_save_7
                0x0000000000000170                __riscv_save_3
                0x0000000000000170                __riscv_save_2
                0x0000000000000170                __riscv_save_1
                0x0000000000000170                __riscv_save_0
                0x000000000000017c                __riscv_restore_12
                0x0000000000000180                __riscv_restore_11
                0x0000000000000180                __riscv_restore_9
                0x0000000000000180                __riscv_restore_10
                0x0000000000000180                __riscv_restore_8
                0x000000000000018a                __riscv_restore_5
                0x000000000000018a                __riscv_restore_7
                0x000000000000018a                __riscv_restore_6
                0x000000000000018a                __riscv_restore_4
                0x0000000000000194                __riscv_restore_3
                0x0000000000000194                __riscv_restore_0
                0x0000000000000194                __riscv_restore_2
                0x0000000000000194                __riscv_restore_1
 .text          0x00000000000001a0       0xa8 e:/mounriver_studio/toolchain/risc-v embedded gcc/bin/../lib/gcc/riscv-none-embed/8.2.0/../../../../riscv-none-embed/lib/rv32imac/ilp32\libg_nano.a(lib_a-memset.o)
                0x00000000000001a0                memset
 *(.text.*)
 .text.Delay_Init
                0x0000000000000248       0x1c CMakeFiles/ina_iic.elf.dir/Debug/debug.c.obj
                0x0000000000000248                Delay_Init
 .text.Delay_Ms
                0x0000000000000264       0x3e CMakeFiles/ina_iic.elf.dir/Debug/debug.c.obj
                0x0000000000000264                Delay_Ms
 .text.USART_Printf_Init
                0x00000000000002a2       0x5e CMakeFiles/ina_iic.elf.dir/Debug/debug.c.obj
                0x00000000000002a2                USART_Printf_Init
 .text._write   0x0000000000000300       0x44 CMakeFiles/ina_iic.elf.dir/Debug/debug.c.obj
                0x0000000000000300                _write
 .text._sbrk    0x0000000000000344       0x32 CMakeFiles/ina_iic.elf.dir/Debug/debug.c.obj
                0x0000000000000344                _sbrk
 .text.DBGMCU_GetCHIPID
                0x0000000000000376        0x6 CMakeFiles/ina_iic.elf.dir/Peripheral/src/ch32l103_dbgmcu.c.obj
                0x0000000000000376                DBGMCU_GetCHIPID
 .text.GPIO_Init
                0x000000000000037c       0xd0 CMakeFiles/ina_iic.elf.dir/Peripheral/src/ch32l103_gpio.c.obj
                0x000000000000037c                GPIO_Init
 .text.GPIO_PinRemapConfig
                0x000000000000044c      0x14e CMakeFiles/ina_iic.elf.dir/Peripheral/src/ch32l103_gpio.c.obj
                0x000000000000044c                GPIO_PinRemapConfig
 .text.GPIO_IPD_Unused
                0x000000000000059a      0x1f0 CMakeFiles/ina_iic.elf.dir/Peripheral/src/ch32l103_gpio.c.obj
                0x000000000000059a                GPIO_IPD_Unused
 .text.I2C_Init
                0x000000000000078a      0x108 CMakeFiles/ina_iic.elf.dir/Peripheral/src/ch32l103_i2c.c.obj
                0x000000000000078a                I2C_Init
 .text.I2C_Cmd  0x0000000000000892       0x1c CMakeFiles/ina_iic.elf.dir/Peripheral/src/ch32l103_i2c.c.obj
                0x0000000000000892                I2C_Cmd
 .text.I2C_GenerateSTART
                0x00000000000008ae       0x1e CMakeFiles/ina_iic.elf.dir/Peripheral/src/ch32l103_i2c.c.obj
                0x00000000000008ae                I2C_GenerateSTART
 .text.I2C_GenerateSTOP
                0x00000000000008cc       0x1e CMakeFiles/ina_iic.elf.dir/Peripheral/src/ch32l103_i2c.c.obj
                0x00000000000008cc                I2C_GenerateSTOP
 .text.I2C_AcknowledgeConfig
                0x00000000000008ea       0x1e CMakeFiles/ina_iic.elf.dir/Peripheral/src/ch32l103_i2c.c.obj
                0x00000000000008ea                I2C_AcknowledgeConfig
 .text.I2C_SendData
                0x0000000000000908        0x4 CMakeFiles/ina_iic.elf.dir/Peripheral/src/ch32l103_i2c.c.obj
                0x0000000000000908                I2C_SendData
 .text.I2C_ReceiveData
                0x000000000000090c        0x8 CMakeFiles/ina_iic.elf.dir/Peripheral/src/ch32l103_i2c.c.obj
                0x000000000000090c                I2C_ReceiveData
 .text.I2C_Send7bitAddress
                0x0000000000000914       0x14 CMakeFiles/ina_iic.elf.dir/Peripheral/src/ch32l103_i2c.c.obj
                0x0000000000000914                I2C_Send7bitAddress
 .text.I2C_CheckEvent
                0x0000000000000928       0x1e CMakeFiles/ina_iic.elf.dir/Peripheral/src/ch32l103_i2c.c.obj
                0x0000000000000928                I2C_CheckEvent
 .text.I2C_GetFlagStatus
                0x0000000000000946       0x3c CMakeFiles/ina_iic.elf.dir/Peripheral/src/ch32l103_i2c.c.obj
                0x0000000000000946                I2C_GetFlagStatus
 .text.RCC_GetClocksFreq
                0x0000000000000982      0x12e CMakeFiles/ina_iic.elf.dir/Peripheral/src/ch32l103_rcc.c.obj
                0x0000000000000982                RCC_GetClocksFreq
 .text.RCC_PB2PeriphClockCmd
                0x0000000000000ab0       0x1e CMakeFiles/ina_iic.elf.dir/Peripheral/src/ch32l103_rcc.c.obj
                0x0000000000000ab0                RCC_PB2PeriphClockCmd
 .text.RCC_PB1PeriphClockCmd
                0x0000000000000ace       0x1e CMakeFiles/ina_iic.elf.dir/Peripheral/src/ch32l103_rcc.c.obj
                0x0000000000000ace                RCC_PB1PeriphClockCmd
 .text.USART_Init
                0x0000000000000aec       0xe6 CMakeFiles/ina_iic.elf.dir/Peripheral/src/ch32l103_usart.c.obj
                0x0000000000000aec                USART_Init
 .text.USART_Cmd
                0x0000000000000bd2       0x18 CMakeFiles/ina_iic.elf.dir/Peripheral/src/ch32l103_usart.c.obj
                0x0000000000000bd2                USART_Cmd
 .text.USART_SendData
                0x0000000000000bea        0x8 CMakeFiles/ina_iic.elf.dir/Peripheral/src/ch32l103_usart.c.obj
                0x0000000000000bea                USART_SendData
 .text.USART_GetFlagStatus
                0x0000000000000bf2        0xe CMakeFiles/ina_iic.elf.dir/Peripheral/src/ch32l103_usart.c.obj
                0x0000000000000bf2                USART_GetFlagStatus
 .text.vector_handler
                0x0000000000000c00        0x2 CMakeFiles/ina_iic.elf.dir/Startup/startup_ch32l103.S.obj
                0x0000000000000c00                EXTI2_IRQHandler
                0x0000000000000c00                TIM1_CC_IRQHandler
                0x0000000000000c00                USBPD_IRQHandler
                0x0000000000000c00                SysTick_Handler
                0x0000000000000c00                PVD_IRQHandler
                0x0000000000000c00                EXTI3_IRQHandler
                0x0000000000000c00                USBFS_IRQHandler
                0x0000000000000c00                EXTI0_IRQHandler
                0x0000000000000c00                I2C2_EV_IRQHandler
                0x0000000000000c00                LPTIM_IRQHandler
                0x0000000000000c00                Break_Point_Handler
                0x0000000000000c00                SPI1_IRQHandler
                0x0000000000000c00                TAMPER_IRQHandler
                0x0000000000000c00                Ecall_M_Mode_Handler
                0x0000000000000c00                DMA1_Channel4_IRQHandler
                0x0000000000000c00                USART3_IRQHandler
                0x0000000000000c00                RTC_IRQHandler
                0x0000000000000c00                DMA1_Channel7_IRQHandler
                0x0000000000000c00                CAN1_RX1_IRQHandler
                0x0000000000000c00                USBPDWakeUp_IRQHandler
                0x0000000000000c00                TIM4_IRQHandler
                0x0000000000000c00                I2C1_EV_IRQHandler
                0x0000000000000c00                USART4_IRQHandler
                0x0000000000000c00                DMA1_Channel6_IRQHandler
                0x0000000000000c00                TIM3_IRQHandler
                0x0000000000000c00                RCC_IRQHandler
                0x0000000000000c00                TIM1_TRG_COM_IRQHandler
                0x0000000000000c00                DMA1_Channel1_IRQHandler
                0x0000000000000c00                EXTI15_10_IRQHandler
                0x0000000000000c00                ADC_IRQHandler
                0x0000000000000c00                DMA1_Channel8_IRQHandler
                0x0000000000000c00                EXTI9_5_IRQHandler
                0x0000000000000c00                SPI2_IRQHandler
                0x0000000000000c00                DMA1_Channel5_IRQHandler
                0x0000000000000c00                EXTI4_IRQHandler
                0x0000000000000c00                USB_LP_CAN1_RX0_IRQHandler
                0x0000000000000c00                USB_HP_CAN1_TX_IRQHandler
                0x0000000000000c00                CMPWakeUp_IRQHandler
                0x0000000000000c00                DMA1_Channel3_IRQHandler
                0x0000000000000c00                TIM1_UP_IRQHandler
                0x0000000000000c00                LPTIMWakeUp_IRQHandler
                0x0000000000000c00                WWDG_IRQHandler
                0x0000000000000c00                Ecall_U_Mode_Handler
                0x0000000000000c00                TIM2_IRQHandler
                0x0000000000000c00                SW_Handler
                0x0000000000000c00                TIM1_BRK_IRQHandler
                0x0000000000000c00                OPA_IRQHandler
                0x0000000000000c00                EXTI1_IRQHandler
                0x0000000000000c00                RTCAlarm_IRQHandler
                0x0000000000000c00                USART2_IRQHandler
                0x0000000000000c00                I2C2_ER_IRQHandler
                0x0000000000000c00                DMA1_Channel2_IRQHandler
                0x0000000000000c00                CAN1_SCE_IRQHandler
                0x0000000000000c00                FLASH_IRQHandler
                0x0000000000000c00                USBFSWakeUp_IRQHandler
                0x0000000000000c00                USART1_IRQHandler
                0x0000000000000c00                I2C1_ER_IRQHandler
 .text.handle_reset
                0x0000000000000c02       0x86 CMakeFiles/ina_iic.elf.dir/Startup/startup_ch32l103.S.obj
                0x0000000000000c02                handle_reset
 .text.NMI_Handler
                0x0000000000000c88        0x2 CMakeFiles/ina_iic.elf.dir/User/ch32l103_it.c.obj
                0x0000000000000c88                NMI_Handler
 .text.HardFault_Handler
                0x0000000000000c8a        0x2 CMakeFiles/ina_iic.elf.dir/User/ch32l103_it.c.obj
                0x0000000000000c8a                HardFault_Handler
 .text.INA226_Read2Byte
                0x0000000000000c8c      0x126 CMakeFiles/ina_iic.elf.dir/User/ina226.c.obj
                0x0000000000000c8c                INA226_Read2Byte
 .text.INA226_Write2Byte
                0x0000000000000db2       0xf2 CMakeFiles/ina_iic.elf.dir/User/ina226.c.obj
                0x0000000000000db2                INA226_Write2Byte
 .text.IIC_Init
                0x0000000000000ea4       0x96 CMakeFiles/ina_iic.elf.dir/User/ina226.c.obj
                0x0000000000000ea4                IIC_Init
 .text.INA226_Init
                0x0000000000000f3a       0x46 CMakeFiles/ina_iic.elf.dir/User/ina226.c.obj
                0x0000000000000f3a                INA226_Init
 .text.main     0x0000000000000f80      0x100 CMakeFiles/ina_iic.elf.dir/User/main.c.obj
                0x0000000000000f80                main
 .text.SetSysClockTo96_HSI
                0x0000000000001080       0x7c CMakeFiles/ina_iic.elf.dir/User/system_ch32l103.c.obj
 .text.SetSysClock
                0x00000000000010fc        0xe CMakeFiles/ina_iic.elf.dir/User/system_ch32l103.c.obj
 .text.SystemInit
                0x000000000000110a       0x4a CMakeFiles/ina_iic.elf.dir/User/system_ch32l103.c.obj
                0x000000000000110a                SystemInit
 .text.SystemCoreClockUpdate
                0x0000000000001154       0xfc CMakeFiles/ina_iic.elf.dir/User/system_ch32l103.c.obj
                0x0000000000001154                SystemCoreClockUpdate
 .text.__muldf3
                0x0000000000001250      0x4b0 e:/mounriver_studio/toolchain/risc-v embedded gcc/bin/../lib/gcc/riscv-none-embed/8.2.0/rv32imac/ilp32\libgcc.a(muldf3.o)
                0x0000000000001250                __muldf3
 .text.__floatsidf
                0x0000000000001700       0x70 e:/mounriver_studio/toolchain/risc-v embedded gcc/bin/../lib/gcc/riscv-none-embed/8.2.0/rv32imac/ilp32\libgcc.a(floatsidf.o)
                0x0000000000001700                __floatsidf
 .text.__clzsi2
                0x0000000000001770       0x76 e:/mounriver_studio/toolchain/risc-v embedded gcc/bin/../lib/gcc/riscv-none-embed/8.2.0/rv32imac/ilp32\libgcc.a(_clzsi2.o)
                0x0000000000001770                __clzsi2
 .text.__cvt    0x00000000000017e6       0xee e:/mounriver_studio/toolchain/risc-v embedded gcc/bin/../lib/gcc/riscv-none-embed/8.2.0/../../../../riscv-none-embed/lib/rv32imac/ilp32\libg_nano.a(lib_a-nano-vfprintf_float.o)
                0x00000000000017e6                __cvt
 .text.__exponent
                0x00000000000018d4       0x8c e:/mounriver_studio/toolchain/risc-v embedded gcc/bin/../lib/gcc/riscv-none-embed/8.2.0/../../../../riscv-none-embed/lib/rv32imac/ilp32\libg_nano.a(lib_a-nano-vfprintf_float.o)
                0x00000000000018d4                __exponent
 .text._printf_float
                0x0000000000001960      0x4c0 e:/mounriver_studio/toolchain/risc-v embedded gcc/bin/../lib/gcc/riscv-none-embed/8.2.0/../../../../riscv-none-embed/lib/rv32imac/ilp32\libg_nano.a(lib_a-nano-vfprintf_float.o)
                0x0000000000001960                _printf_float
 .text._printf_common
                0x0000000000001e20      0x10c e:/mounriver_studio/toolchain/risc-v embedded gcc/bin/../lib/gcc/riscv-none-embed/8.2.0/../../../../riscv-none-embed/lib/rv32imac/ilp32\libg_nano.a(lib_a-nano-vfprintf_i.o)
                0x0000000000001e20                _printf_common
 .text._printf_i
                0x0000000000001f2c      0x2aa e:/mounriver_studio/toolchain/risc-v embedded gcc/bin/../lib/gcc/riscv-none-embed/8.2.0/../../../../riscv-none-embed/lib/rv32imac/ilp32\libg_nano.a(lib_a-nano-vfprintf_i.o)
                0x0000000000001f2c                _printf_i
 .text._scanf_float
                0x00000000000021d6      0x476 e:/mounriver_studio/toolchain/risc-v embedded gcc/bin/../lib/gcc/riscv-none-embed/8.2.0/../../../../riscv-none-embed/lib/rv32imac/ilp32\libg_nano.a(lib_a-nano-vfscanf_float.o)
                0x00000000000021d6                _scanf_float
 .text.printf   0x000000000000264c       0x42 e:/mounriver_studio/toolchain/risc-v embedded gcc/bin/../lib/gcc/riscv-none-embed/8.2.0/../../../../riscv-none-embed/lib/rv32imac/ilp32\libg_nano.a(lib_a-printf.o)
                0x000000000000264c                iprintf
                0x000000000000264c                printf
 .text._puts_r  0x000000000000268e       0xe4 e:/mounriver_studio/toolchain/risc-v embedded gcc/bin/../lib/gcc/riscv-none-embed/8.2.0/../../../../riscv-none-embed/lib/rv32imac/ilp32\libg_nano.a(lib_a-puts.o)
                0x000000000000268e                _puts_r
 .text.puts     0x0000000000002772        0xa e:/mounriver_studio/toolchain/risc-v embedded gcc/bin/../lib/gcc/riscv-none-embed/8.2.0/../../../../riscv-none-embed/lib/rv32imac/ilp32\libg_nano.a(lib_a-puts.o)
                0x0000000000002772                puts
 .text.nanf     0x000000000000277c        0xc e:/mounriver_studio/toolchain/risc-v embedded gcc/bin/../lib/gcc/riscv-none-embed/8.2.0/../../../../riscv-none-embed/lib/rv32imac/ilp32\libg_nano.a(lib_a-sf_nan.o)
                0x000000000000277c                nanf
 .text.sprintf  0x0000000000002788       0x46 e:/mounriver_studio/toolchain/risc-v embedded gcc/bin/../lib/gcc/riscv-none-embed/8.2.0/../../../../riscv-none-embed/lib/rv32imac/ilp32\libg_nano.a(lib_a-sprintf.o)
                0x0000000000002788                siprintf
                0x0000000000002788                sprintf
 .text.strlen   0x00000000000027ce       0x12 e:/mounriver_studio/toolchain/risc-v embedded gcc/bin/../lib/gcc/riscv-none-embed/8.2.0/../../../../riscv-none-embed/lib/rv32imac/ilp32\libg_nano.a(lib_a-strlen.o)
                0x00000000000027ce                strlen
 .text.sulp     0x00000000000027e0       0x4e e:/mounriver_studio/toolchain/risc-v embedded gcc/bin/../lib/gcc/riscv-none-embed/8.2.0/../../../../riscv-none-embed/lib/rv32imac/ilp32\libg_nano.a(lib_a-strtod.o)
 .text._strtod_l
                0x000000000000282e      0xc7c e:/mounriver_studio/toolchain/risc-v embedded gcc/bin/../lib/gcc/riscv-none-embed/8.2.0/../../../../riscv-none-embed/lib/rv32imac/ilp32\libg_nano.a(lib_a-strtod.o)
                0x000000000000282e                _strtod_l
 .text._strtod_r
                0x00000000000034aa       0x16 e:/mounriver_studio/toolchain/risc-v embedded gcc/bin/../lib/gcc/riscv-none-embed/8.2.0/../../../../riscv-none-embed/lib/rv32imac/ilp32\libg_nano.a(lib_a-strtod.o)
                0x00000000000034aa                _strtod_r
 .text._strtol_l.isra.0
                0x00000000000034c0      0x144 e:/mounriver_studio/toolchain/risc-v embedded gcc/bin/../lib/gcc/riscv-none-embed/8.2.0/../../../../riscv-none-embed/lib/rv32imac/ilp32\libg_nano.a(lib_a-strtol.o)
 .text._strtol_r
                0x0000000000003604       0x14 e:/mounriver_studio/toolchain/risc-v embedded gcc/bin/../lib/gcc/riscv-none-embed/8.2.0/../../../../riscv-none-embed/lib/rv32imac/ilp32\libg_nano.a(lib_a-strtol.o)
                0x0000000000003604                _strtol_r
 .text.__swbuf_r
                0x0000000000003618       0xc6 e:/mounriver_studio/toolchain/risc-v embedded gcc/bin/../lib/gcc/riscv-none-embed/8.2.0/../../../../riscv-none-embed/lib/rv32imac/ilp32\libg_nano.a(lib_a-wbuf.o)
                0x0000000000003618                __swbuf_r
 .text.__swsetup_r
                0x00000000000036de      0x112 e:/mounriver_studio/toolchain/risc-v embedded gcc/bin/../lib/gcc/riscv-none-embed/8.2.0/../../../../riscv-none-embed/lib/rv32imac/ilp32\libg_nano.a(lib_a-wsetup.o)
                0x00000000000036de                __swsetup_r
 .text.quorem   0x00000000000037f0      0x13a e:/mounriver_studio/toolchain/risc-v embedded gcc/bin/../lib/gcc/riscv-none-embed/8.2.0/../../../../riscv-none-embed/lib/rv32imac/ilp32\libg_nano.a(lib_a-dtoa.o)
 .text._dtoa_r  0x000000000000392a      0xc20 e:/mounriver_studio/toolchain/risc-v embedded gcc/bin/../lib/gcc/riscv-none-embed/8.2.0/../../../../riscv-none-embed/lib/rv32imac/ilp32\libg_nano.a(lib_a-dtoa.o)
                0x000000000000392a                _dtoa_r
 .text.__sflush_r
                0x000000000000454a      0x13e e:/mounriver_studio/toolchain/risc-v embedded gcc/bin/../lib/gcc/riscv-none-embed/8.2.0/../../../../riscv-none-embed/lib/rv32imac/ilp32\libg_nano.a(lib_a-fflush.o)
                0x000000000000454a                __sflush_r
 .text._fflush_r
                0x0000000000004688       0x66 e:/mounriver_studio/toolchain/risc-v embedded gcc/bin/../lib/gcc/riscv-none-embed/8.2.0/../../../../riscv-none-embed/lib/rv32imac/ilp32\libg_nano.a(lib_a-fflush.o)
                0x0000000000004688                _fflush_r
 .text.std      0x00000000000046ee       0x6a e:/mounriver_studio/toolchain/risc-v embedded gcc/bin/../lib/gcc/riscv-none-embed/8.2.0/../../../../riscv-none-embed/lib/rv32imac/ilp32\libg_nano.a(lib_a-findfp.o)
 .text._cleanup_r
                0x0000000000004758        0xa e:/mounriver_studio/toolchain/risc-v embedded gcc/bin/../lib/gcc/riscv-none-embed/8.2.0/../../../../riscv-none-embed/lib/rv32imac/ilp32\libg_nano.a(lib_a-findfp.o)
                0x0000000000004758                _cleanup_r
 .text.__sfmoreglue
                0x0000000000004762       0x48 e:/mounriver_studio/toolchain/risc-v embedded gcc/bin/../lib/gcc/riscv-none-embed/8.2.0/../../../../riscv-none-embed/lib/rv32imac/ilp32\libg_nano.a(lib_a-findfp.o)
                0x0000000000004762                __sfmoreglue
 .text.__sinit  0x00000000000047aa       0x66 e:/mounriver_studio/toolchain/risc-v embedded gcc/bin/../lib/gcc/riscv-none-embed/8.2.0/../../../../riscv-none-embed/lib/rv32imac/ilp32\libg_nano.a(lib_a-findfp.o)
                0x00000000000047aa                __sinit
 .text.__sfp    0x0000000000004810       0x9e e:/mounriver_studio/toolchain/risc-v embedded gcc/bin/../lib/gcc/riscv-none-embed/8.2.0/../../../../riscv-none-embed/lib/rv32imac/ilp32\libg_nano.a(lib_a-findfp.o)
                0x0000000000004810                __sfp
 .text._fwalk_reent
                0x00000000000048ae       0x6c e:/mounriver_studio/toolchain/risc-v embedded gcc/bin/../lib/gcc/riscv-none-embed/8.2.0/../../../../riscv-none-embed/lib/rv32imac/ilp32\libg_nano.a(lib_a-fwalk.o)
                0x00000000000048ae                _fwalk_reent
 .text.rshift   0x000000000000491a       0x76 e:/mounriver_studio/toolchain/risc-v embedded gcc/bin/../lib/gcc/riscv-none-embed/8.2.0/../../../../riscv-none-embed/lib/rv32imac/ilp32\libg_nano.a(lib_a-gdtoa-gethex.o)
 .text.__hexdig_fun
                0x0000000000004990       0x40 e:/mounriver_studio/toolchain/risc-v embedded gcc/bin/../lib/gcc/riscv-none-embed/8.2.0/../../../../riscv-none-embed/lib/rv32imac/ilp32\libg_nano.a(lib_a-gdtoa-gethex.o)
                0x0000000000004990                __hexdig_fun
 .text.__gethex
                0x00000000000049d0      0x4c2 e:/mounriver_studio/toolchain/risc-v embedded gcc/bin/../lib/gcc/riscv-none-embed/8.2.0/../../../../riscv-none-embed/lib/rv32imac/ilp32\libg_nano.a(lib_a-gdtoa-gethex.o)
                0x00000000000049d0                __gethex
 .text.L_shift  0x0000000000004e92       0x2c e:/mounriver_studio/toolchain/risc-v embedded gcc/bin/../lib/gcc/riscv-none-embed/8.2.0/../../../../riscv-none-embed/lib/rv32imac/ilp32\libg_nano.a(lib_a-gdtoa-hexnan.o)
 .text.__match  0x0000000000004ebe       0x30 e:/mounriver_studio/toolchain/risc-v embedded gcc/bin/../lib/gcc/riscv-none-embed/8.2.0/../../../../riscv-none-embed/lib/rv32imac/ilp32\libg_nano.a(lib_a-gdtoa-hexnan.o)
                0x0000000000004ebe                __match
 .text.__hexnan
                0x0000000000004eee      0x160 e:/mounriver_studio/toolchain/risc-v embedded gcc/bin/../lib/gcc/riscv-none-embed/8.2.0/../../../../riscv-none-embed/lib/rv32imac/ilp32\libg_nano.a(lib_a-gdtoa-hexnan.o)
                0x0000000000004eee                __hexnan
 .text.__locale_ctype_ptr_l
                0x000000000000504e        0x6 e:/mounriver_studio/toolchain/risc-v embedded gcc/bin/../lib/gcc/riscv-none-embed/8.2.0/../../../../riscv-none-embed/lib/rv32imac/ilp32\libg_nano.a(lib_a-locale.o)
                0x000000000000504e                __locale_ctype_ptr_l
 .text.__localeconv_l
                0x0000000000005054        0x6 e:/mounriver_studio/toolchain/risc-v embedded gcc/bin/../lib/gcc/riscv-none-embed/8.2.0/../../../../riscv-none-embed/lib/rv32imac/ilp32\libg_nano.a(lib_a-localeconv.o)
                0x0000000000005054                __localeconv_l
 .text._localeconv_r
                0x000000000000505a       0x18 e:/mounriver_studio/toolchain/risc-v embedded gcc/bin/../lib/gcc/riscv-none-embed/8.2.0/../../../../riscv-none-embed/lib/rv32imac/ilp32\libg_nano.a(lib_a-localeconv.o)
                0x000000000000505a                _localeconv_r
 .text.__swhatbuf_r
                0x0000000000005072       0x5a e:/mounriver_studio/toolchain/risc-v embedded gcc/bin/../lib/gcc/riscv-none-embed/8.2.0/../../../../riscv-none-embed/lib/rv32imac/ilp32\libg_nano.a(lib_a-makebuf.o)
                0x0000000000005072                __swhatbuf_r
 .text.__smakebuf_r
                0x00000000000050cc       0xa2 e:/mounriver_studio/toolchain/risc-v embedded gcc/bin/../lib/gcc/riscv-none-embed/8.2.0/../../../../riscv-none-embed/lib/rv32imac/ilp32\libg_nano.a(lib_a-makebuf.o)
                0x00000000000050cc                __smakebuf_r
 .text.malloc   0x000000000000516e        0xc e:/mounriver_studio/toolchain/risc-v embedded gcc/bin/../lib/gcc/riscv-none-embed/8.2.0/../../../../riscv-none-embed/lib/rv32imac/ilp32\libg_nano.a(lib_a-malloc.o)
                0x000000000000516e                malloc
 .text.__ascii_mbtowc
                0x000000000000517a       0x3a e:/mounriver_studio/toolchain/risc-v embedded gcc/bin/../lib/gcc/riscv-none-embed/8.2.0/../../../../riscv-none-embed/lib/rv32imac/ilp32\libg_nano.a(lib_a-mbtowc_r.o)
                0x000000000000517a                __ascii_mbtowc
 .text.memchr   0x00000000000051b4       0x1a e:/mounriver_studio/toolchain/risc-v embedded gcc/bin/../lib/gcc/riscv-none-embed/8.2.0/../../../../riscv-none-embed/lib/rv32imac/ilp32\libg_nano.a(lib_a-memchr.o)
                0x00000000000051b4                memchr
 .text.memcpy   0x00000000000051ce       0xb6 e:/mounriver_studio/toolchain/risc-v embedded gcc/bin/../lib/gcc/riscv-none-embed/8.2.0/../../../../riscv-none-embed/lib/rv32imac/ilp32\libg_nano.a(lib_a-memcpy.o)
                0x00000000000051ce                memcpy
 .text._Balloc  0x0000000000005284       0x8c e:/mounriver_studio/toolchain/risc-v embedded gcc/bin/../lib/gcc/riscv-none-embed/8.2.0/../../../../riscv-none-embed/lib/rv32imac/ilp32\libg_nano.a(lib_a-mprec.o)
                0x0000000000005284                _Balloc
 .text._Bfree   0x0000000000005310       0x44 e:/mounriver_studio/toolchain/risc-v embedded gcc/bin/../lib/gcc/riscv-none-embed/8.2.0/../../../../riscv-none-embed/lib/rv32imac/ilp32\libg_nano.a(lib_a-mprec.o)
                0x0000000000005310                _Bfree
 .text.__multadd
                0x0000000000005354       0x98 e:/mounriver_studio/toolchain/risc-v embedded gcc/bin/../lib/gcc/riscv-none-embed/8.2.0/../../../../riscv-none-embed/lib/rv32imac/ilp32\libg_nano.a(lib_a-mprec.o)
                0x0000000000005354                __multadd
 .text.__s2b    0x00000000000053ec       0xa6 e:/mounriver_studio/toolchain/risc-v embedded gcc/bin/../lib/gcc/riscv-none-embed/8.2.0/../../../../riscv-none-embed/lib/rv32imac/ilp32\libg_nano.a(lib_a-mprec.o)
                0x00000000000053ec                __s2b
 .text.__hi0bits
                0x0000000000005492       0x46 e:/mounriver_studio/toolchain/risc-v embedded gcc/bin/../lib/gcc/riscv-none-embed/8.2.0/../../../../riscv-none-embed/lib/rv32imac/ilp32\libg_nano.a(lib_a-mprec.o)
                0x0000000000005492                __hi0bits
 .text.__lo0bits
                0x00000000000054d8       0x6a e:/mounriver_studio/toolchain/risc-v embedded gcc/bin/../lib/gcc/riscv-none-embed/8.2.0/../../../../riscv-none-embed/lib/rv32imac/ilp32\libg_nano.a(lib_a-mprec.o)
                0x00000000000054d8                __lo0bits
 .text.__i2b    0x0000000000005542       0x1c e:/mounriver_studio/toolchain/risc-v embedded gcc/bin/../lib/gcc/riscv-none-embed/8.2.0/../../../../riscv-none-embed/lib/rv32imac/ilp32\libg_nano.a(lib_a-mprec.o)
                0x0000000000005542                __i2b
 .text.__multiply
                0x000000000000555e      0x144 e:/mounriver_studio/toolchain/risc-v embedded gcc/bin/../lib/gcc/riscv-none-embed/8.2.0/../../../../riscv-none-embed/lib/rv32imac/ilp32\libg_nano.a(lib_a-mprec.o)
                0x000000000000555e                __multiply
 .text.__pow5mult
                0x00000000000056a2       0xbe e:/mounriver_studio/toolchain/risc-v embedded gcc/bin/../lib/gcc/riscv-none-embed/8.2.0/../../../../riscv-none-embed/lib/rv32imac/ilp32\libg_nano.a(lib_a-mprec.o)
                0x00000000000056a2                __pow5mult
 .text.__lshift
                0x0000000000005760       0xce e:/mounriver_studio/toolchain/risc-v embedded gcc/bin/../lib/gcc/riscv-none-embed/8.2.0/../../../../riscv-none-embed/lib/rv32imac/ilp32\libg_nano.a(lib_a-mprec.o)
                0x0000000000005760                __lshift
 .text.__mcmp   0x000000000000582e       0x32 e:/mounriver_studio/toolchain/risc-v embedded gcc/bin/../lib/gcc/riscv-none-embed/8.2.0/../../../../riscv-none-embed/lib/rv32imac/ilp32\libg_nano.a(lib_a-mprec.o)
                0x000000000000582e                __mcmp
 .text.__mdiff  0x0000000000005860       0xf2 e:/mounriver_studio/toolchain/risc-v embedded gcc/bin/../lib/gcc/riscv-none-embed/8.2.0/../../../../riscv-none-embed/lib/rv32imac/ilp32\libg_nano.a(lib_a-mprec.o)
                0x0000000000005860                __mdiff
 .text.__ulp    0x0000000000005952       0x46 e:/mounriver_studio/toolchain/risc-v embedded gcc/bin/../lib/gcc/riscv-none-embed/8.2.0/../../../../riscv-none-embed/lib/rv32imac/ilp32\libg_nano.a(lib_a-mprec.o)
                0x0000000000005952                __ulp
 .text.__b2d    0x0000000000005998       0xb4 e:/mounriver_studio/toolchain/risc-v embedded gcc/bin/../lib/gcc/riscv-none-embed/8.2.0/../../../../riscv-none-embed/lib/rv32imac/ilp32\libg_nano.a(lib_a-mprec.o)
                0x0000000000005998                __b2d
 .text.__d2b    0x0000000000005a4c       0xd4 e:/mounriver_studio/toolchain/risc-v embedded gcc/bin/../lib/gcc/riscv-none-embed/8.2.0/../../../../riscv-none-embed/lib/rv32imac/ilp32\libg_nano.a(lib_a-mprec.o)
                0x0000000000005a4c                __d2b
 .text.__ratio  0x0000000000005b20       0x74 e:/mounriver_studio/toolchain/risc-v embedded gcc/bin/../lib/gcc/riscv-none-embed/8.2.0/../../../../riscv-none-embed/lib/rv32imac/ilp32\libg_nano.a(lib_a-mprec.o)
                0x0000000000005b20                __ratio
 .text.__copybits
                0x0000000000005b94       0x36 e:/mounriver_studio/toolchain/risc-v embedded gcc/bin/../lib/gcc/riscv-none-embed/8.2.0/../../../../riscv-none-embed/lib/rv32imac/ilp32\libg_nano.a(lib_a-mprec.o)
                0x0000000000005b94                __copybits
 .text.__any_on
                0x0000000000005bca       0x46 e:/mounriver_studio/toolchain/risc-v embedded gcc/bin/../lib/gcc/riscv-none-embed/8.2.0/../../../../riscv-none-embed/lib/rv32imac/ilp32\libg_nano.a(lib_a-mprec.o)
                0x0000000000005bca                __any_on
 .text._calloc_r
                0x0000000000005c10       0x26 e:/mounriver_studio/toolchain/risc-v embedded gcc/bin/../lib/gcc/riscv-none-embed/8.2.0/../../../../riscv-none-embed/lib/rv32imac/ilp32\libg_nano.a(lib_a-nano-callocr.o)
                0x0000000000005c10                _calloc_r
 .text._free_r  0x0000000000005c36       0xa8 e:/mounriver_studio/toolchain/risc-v embedded gcc/bin/../lib/gcc/riscv-none-embed/8.2.0/../../../../riscv-none-embed/lib/rv32imac/ilp32\libg_nano.a(lib_a-nano-freer.o)
                0x0000000000005c36                _free_r
 .text._malloc_r
                0x0000000000005cde       0xd4 e:/mounriver_studio/toolchain/risc-v embedded gcc/bin/../lib/gcc/riscv-none-embed/8.2.0/../../../../riscv-none-embed/lib/rv32imac/ilp32\libg_nano.a(lib_a-nano-mallocr.o)
                0x0000000000005cde                _malloc_r
 .text.__ssputs_r
                0x0000000000005db2       0xee e:/mounriver_studio/toolchain/risc-v embedded gcc/bin/../lib/gcc/riscv-none-embed/8.2.0/../../../../riscv-none-embed/lib/rv32imac/ilp32\libg_nano.a(lib_a-nano-svfprintf.o)
                0x0000000000005db2                __ssputs_r
 .text._svfprintf_r
                0x0000000000005ea0      0x27e e:/mounriver_studio/toolchain/risc-v embedded gcc/bin/../lib/gcc/riscv-none-embed/8.2.0/../../../../riscv-none-embed/lib/rv32imac/ilp32\libg_nano.a(lib_a-nano-svfprintf.o)
                0x0000000000005ea0                _svfiprintf_r
                0x0000000000005ea0                _svfprintf_r
 .text.__sfputc_r
                0x000000000000611e       0x2a e:/mounriver_studio/toolchain/risc-v embedded gcc/bin/../lib/gcc/riscv-none-embed/8.2.0/../../../../riscv-none-embed/lib/rv32imac/ilp32\libg_nano.a(lib_a-nano-vfprintf.o)
 .text.__sfputs_r
                0x0000000000006148       0x44 e:/mounriver_studio/toolchain/risc-v embedded gcc/bin/../lib/gcc/riscv-none-embed/8.2.0/../../../../riscv-none-embed/lib/rv32imac/ilp32\libg_nano.a(lib_a-nano-vfprintf.o)
                0x0000000000006148                __sfputs_r
 .text._vfprintf_r
                0x000000000000618c      0x2a0 e:/mounriver_studio/toolchain/risc-v embedded gcc/bin/../lib/gcc/riscv-none-embed/8.2.0/../../../../riscv-none-embed/lib/rv32imac/ilp32\libg_nano.a(lib_a-nano-vfprintf.o)
                0x000000000000618c                _vfprintf_r
                0x000000000000618c                _vfiprintf_r
 .text._sbrk_r  0x000000000000642c       0x2a e:/mounriver_studio/toolchain/risc-v embedded gcc/bin/../lib/gcc/riscv-none-embed/8.2.0/../../../../riscv-none-embed/lib/rv32imac/ilp32\libg_nano.a(lib_a-sbrkr.o)
                0x000000000000642c                _sbrk_r
 .text.__sread  0x0000000000006456       0x30 e:/mounriver_studio/toolchain/risc-v embedded gcc/bin/../lib/gcc/riscv-none-embed/8.2.0/../../../../riscv-none-embed/lib/rv32imac/ilp32\libg_nano.a(lib_a-stdio.o)
                0x0000000000006456                __sread
 .text.__swrite
                0x0000000000006486       0x4e e:/mounriver_studio/toolchain/risc-v embedded gcc/bin/../lib/gcc/riscv-none-embed/8.2.0/../../../../riscv-none-embed/lib/rv32imac/ilp32\libg_nano.a(lib_a-stdio.o)
                0x0000000000006486                __swrite
 .text.__sseek  0x00000000000064d4       0x36 e:/mounriver_studio/toolchain/risc-v embedded gcc/bin/../lib/gcc/riscv-none-embed/8.2.0/../../../../riscv-none-embed/lib/rv32imac/ilp32\libg_nano.a(lib_a-stdio.o)
                0x00000000000064d4                __sseek
 .text.__sclose
                0x000000000000650a        0x6 e:/mounriver_studio/toolchain/risc-v embedded gcc/bin/../lib/gcc/riscv-none-embed/8.2.0/../../../../riscv-none-embed/lib/rv32imac/ilp32\libg_nano.a(lib_a-stdio.o)
                0x000000000000650a                __sclose
 .text.strncmp  0x0000000000006510       0x2c e:/mounriver_studio/toolchain/risc-v embedded gcc/bin/../lib/gcc/riscv-none-embed/8.2.0/../../../../riscv-none-embed/lib/rv32imac/ilp32\libg_nano.a(lib_a-strncmp.o)
                0x0000000000006510                strncmp
 .text.__ascii_wctomb
                0x000000000000653c       0x20 e:/mounriver_studio/toolchain/risc-v embedded gcc/bin/../lib/gcc/riscv-none-embed/8.2.0/../../../../riscv-none-embed/lib/rv32imac/ilp32\libg_nano.a(lib_a-wctomb_r.o)
                0x000000000000653c                __ascii_wctomb
 .text._write_r
                0x000000000000655c       0x2e e:/mounriver_studio/toolchain/risc-v embedded gcc/bin/../lib/gcc/riscv-none-embed/8.2.0/../../../../riscv-none-embed/lib/rv32imac/ilp32\libg_nano.a(lib_a-writer.o)
                0x000000000000655c                _write_r
 .text._close_r
                0x000000000000658a       0x2a e:/mounriver_studio/toolchain/risc-v embedded gcc/bin/../lib/gcc/riscv-none-embed/8.2.0/../../../../riscv-none-embed/lib/rv32imac/ilp32\libg_nano.a(lib_a-closer.o)
                0x000000000000658a                _close_r
 .text._fstat_r
                0x00000000000065b4       0x2c e:/mounriver_studio/toolchain/risc-v embedded gcc/bin/../lib/gcc/riscv-none-embed/8.2.0/../../../../riscv-none-embed/lib/rv32imac/ilp32\libg_nano.a(lib_a-fstatr.o)
                0x00000000000065b4                _fstat_r
 .text._isatty_r
                0x00000000000065e0       0x2a e:/mounriver_studio/toolchain/risc-v embedded gcc/bin/../lib/gcc/riscv-none-embed/8.2.0/../../../../riscv-none-embed/lib/rv32imac/ilp32\libg_nano.a(lib_a-isattyr.o)
                0x00000000000065e0                _isatty_r
 .text._lseek_r
                0x000000000000660a       0x2e e:/mounriver_studio/toolchain/risc-v embedded gcc/bin/../lib/gcc/riscv-none-embed/8.2.0/../../../../riscv-none-embed/lib/rv32imac/ilp32\libg_nano.a(lib_a-lseekr.o)
                0x000000000000660a                _lseek_r
 .text.memmove  0x0000000000006638       0x4a e:/mounriver_studio/toolchain/risc-v embedded gcc/bin/../lib/gcc/riscv-none-embed/8.2.0/../../../../riscv-none-embed/lib/rv32imac/ilp32\libg_nano.a(lib_a-memmove.o)
                0x0000000000006638                memmove
 .text.__malloc_lock
                0x0000000000006682        0x2 e:/mounriver_studio/toolchain/risc-v embedded gcc/bin/../lib/gcc/riscv-none-embed/8.2.0/../../../../riscv-none-embed/lib/rv32imac/ilp32\libg_nano.a(lib_a-mlock.o)
                0x0000000000006682                __malloc_lock
 .text.__malloc_unlock
                0x0000000000006684        0x2 e:/mounriver_studio/toolchain/risc-v embedded gcc/bin/../lib/gcc/riscv-none-embed/8.2.0/../../../../riscv-none-embed/lib/rv32imac/ilp32\libg_nano.a(lib_a-mlock.o)
                0x0000000000006684                __malloc_unlock
 .text._realloc_r
                0x0000000000006686       0x58 e:/mounriver_studio/toolchain/risc-v embedded gcc/bin/../lib/gcc/riscv-none-embed/8.2.0/../../../../riscv-none-embed/lib/rv32imac/ilp32\libg_nano.a(lib_a-nano-reallocr.o)
                0x0000000000006686                _realloc_r
 .text._read_r  0x00000000000066de       0x2e e:/mounriver_studio/toolchain/risc-v embedded gcc/bin/../lib/gcc/riscv-none-embed/8.2.0/../../../../riscv-none-embed/lib/rv32imac/ilp32\libg_nano.a(lib_a-readr.o)
                0x00000000000066de                _read_r
 .text._malloc_usable_size_r
                0x000000000000670c       0x14 e:/mounriver_studio/toolchain/risc-v embedded gcc/bin/../lib/gcc/riscv-none-embed/8.2.0/../../../../riscv-none-embed/lib/rv32imac/ilp32\libg_nano.a(lib_a-nano-msizer.o)
                0x000000000000670c                _malloc_usable_size_r
 .text.__adddf3
                0x0000000000006720      0x730 e:/mounriver_studio/toolchain/risc-v embedded gcc/bin/../lib/gcc/riscv-none-embed/8.2.0/rv32imac/ilp32\libgcc.a(adddf3.o)
                0x0000000000006720                __adddf3
 .text.__divdf3
                0x0000000000006e50      0x5b4 e:/mounriver_studio/toolchain/risc-v embedded gcc/bin/../lib/gcc/riscv-none-embed/8.2.0/rv32imac/ilp32\libgcc.a(divdf3.o)
                0x0000000000006e50                __divdf3
 .text.__eqdf2  0x0000000000007404       0x6a e:/mounriver_studio/toolchain/risc-v embedded gcc/bin/../lib/gcc/riscv-none-embed/8.2.0/rv32imac/ilp32\libgcc.a(eqdf2.o)
                0x0000000000007404                __nedf2
                0x0000000000007404                __eqdf2
 .text.__gedf2  0x000000000000746e       0xae e:/mounriver_studio/toolchain/risc-v embedded gcc/bin/../lib/gcc/riscv-none-embed/8.2.0/rv32imac/ilp32\libgcc.a(gedf2.o)
                0x000000000000746e                __gedf2
                0x000000000000746e                __gtdf2
 .text.__ledf2  0x000000000000751c       0xb6 e:/mounriver_studio/toolchain/risc-v embedded gcc/bin/../lib/gcc/riscv-none-embed/8.2.0/rv32imac/ilp32\libgcc.a(ledf2.o)
                0x000000000000751c                __ledf2
                0x000000000000751c                __ltdf2
 .text.__subdf3
                0x00000000000075d2      0x73e e:/mounriver_studio/toolchain/risc-v embedded gcc/bin/../lib/gcc/riscv-none-embed/8.2.0/rv32imac/ilp32\libgcc.a(subdf3.o)
                0x00000000000075d2                __subdf3
 .text.__unorddf2
                0x0000000000007d10       0x3c e:/mounriver_studio/toolchain/risc-v embedded gcc/bin/../lib/gcc/riscv-none-embed/8.2.0/rv32imac/ilp32\libgcc.a(unorddf2.o)
                0x0000000000007d10                __unorddf2
 .text.__fixdfsi
                0x0000000000007d4c       0x68 e:/mounriver_studio/toolchain/risc-v embedded gcc/bin/../lib/gcc/riscv-none-embed/8.2.0/rv32imac/ilp32\libgcc.a(fixdfsi.o)
                0x0000000000007d4c                __fixdfsi
 .text.__fixunsdfsi
                0x0000000000007db4       0x5c e:/mounriver_studio/toolchain/risc-v embedded gcc/bin/../lib/gcc/riscv-none-embed/8.2.0/rv32imac/ilp32\libgcc.a(fixunsdfsi.o)
                0x0000000000007db4                __fixunsdfsi
 .text.__floatunsidf
                0x0000000000007e10       0x68 e:/mounriver_studio/toolchain/risc-v embedded gcc/bin/../lib/gcc/riscv-none-embed/8.2.0/rv32imac/ilp32\libgcc.a(floatunsidf.o)
                0x0000000000007e10                __floatunsidf
 .text.__extenddftf2
                0x0000000000007e78      0x1a4 e:/mounriver_studio/toolchain/risc-v embedded gcc/bin/../lib/gcc/riscv-none-embed/8.2.0/rv32imac/ilp32\libgcc.a(extenddftf2.o)
                0x0000000000007e78                __extenddftf2
 .text.__truncdfsf2
                0x000000000000801c      0x16a e:/mounriver_studio/toolchain/risc-v embedded gcc/bin/../lib/gcc/riscv-none-embed/8.2.0/rv32imac/ilp32\libgcc.a(truncdfsf2.o)
                0x000000000000801c                __truncdfsf2
 .text.__trunctfdf2
                0x0000000000008186      0x21e e:/mounriver_studio/toolchain/risc-v embedded gcc/bin/../lib/gcc/riscv-none-embed/8.2.0/rv32imac/ilp32\libgcc.a(trunctfdf2.o)
                0x0000000000008186                __trunctfdf2
 .text._close   0x00000000000083a4        0xc e:/mounriver_studio/toolchain/risc-v embedded gcc/bin/../lib/gcc/riscv-none-embed/8.2.0/../../../../riscv-none-embed/lib/rv32imac/ilp32\libnosys.a(close.o)
                0x00000000000083a4                _close
 .text._fstat   0x00000000000083b0        0xc e:/mounriver_studio/toolchain/risc-v embedded gcc/bin/../lib/gcc/riscv-none-embed/8.2.0/../../../../riscv-none-embed/lib/rv32imac/ilp32\libnosys.a(fstat.o)
                0x00000000000083b0                _fstat
 .text._isatty  0x00000000000083bc        0xc e:/mounriver_studio/toolchain/risc-v embedded gcc/bin/../lib/gcc/riscv-none-embed/8.2.0/../../../../riscv-none-embed/lib/rv32imac/ilp32\libnosys.a(isatty.o)
                0x00000000000083bc                _isatty
 .text._lseek   0x00000000000083c8        0xc e:/mounriver_studio/toolchain/risc-v embedded gcc/bin/../lib/gcc/riscv-none-embed/8.2.0/../../../../riscv-none-embed/lib/rv32imac/ilp32\libnosys.a(lseek.o)
                0x00000000000083c8                _lseek
 .text._read    0x00000000000083d4        0xc e:/mounriver_studio/toolchain/risc-v embedded gcc/bin/../lib/gcc/riscv-none-embed/8.2.0/../../../../riscv-none-embed/lib/rv32imac/ilp32\libnosys.a(read.o)
                0x00000000000083d4                _read
 *(.rodata)
 *(.rodata*)
 .rodata.INA226_Init.str1.4
                0x00000000000083e0       0x25 CMakeFiles/ina_iic.elf.dir/User/ina226.c.obj
 *fill*         0x0000000000008405        0x3 
 .rodata.main.cst8
                0x0000000000008408       0x20 CMakeFiles/ina_iic.elf.dir/User/main.c.obj
 .rodata.main.str1.4
                0x0000000000008428       0x80 CMakeFiles/ina_iic.elf.dir/User/main.c.obj
 .rodata.__muldf3
                0x00000000000084a8       0x40 e:/mounriver_studio/toolchain/risc-v embedded gcc/bin/../lib/gcc/riscv-none-embed/8.2.0/rv32imac/ilp32\libgcc.a(muldf3.o)
 .rodata.__clz_tab
                0x00000000000084e8      0x100 e:/mounriver_studio/toolchain/risc-v embedded gcc/bin/../lib/gcc/riscv-none-embed/8.2.0/rv32imac/ilp32\libgcc.a(_clz.o)
                0x00000000000084e8                __clz_tab
 .rodata._printf_float.cst8
                0x00000000000085e8        0x8 e:/mounriver_studio/toolchain/risc-v embedded gcc/bin/../lib/gcc/riscv-none-embed/8.2.0/../../../../riscv-none-embed/lib/rv32imac/ilp32\libg_nano.a(lib_a-nano-vfprintf_float.o)
 .rodata._printf_float.str1.4
                0x00000000000085f0       0x12 e:/mounriver_studio/toolchain/risc-v embedded gcc/bin/../lib/gcc/riscv-none-embed/8.2.0/../../../../riscv-none-embed/lib/rv32imac/ilp32\libg_nano.a(lib_a-nano-vfprintf_float.o)
 *fill*         0x0000000000008602        0x2 
 .rodata._printf_i.str1.4
                0x0000000000008604       0x25 e:/mounriver_studio/toolchain/risc-v embedded gcc/bin/../lib/gcc/riscv-none-embed/8.2.0/../../../../riscv-none-embed/lib/rv32imac/ilp32\libg_nano.a(lib_a-nano-vfprintf_i.o)
 *fill*         0x0000000000008629        0x3 
 .rodata._scanf_float.str1.4
                0x000000000000862c        0x5 e:/mounriver_studio/toolchain/risc-v embedded gcc/bin/../lib/gcc/riscv-none-embed/8.2.0/../../../../riscv-none-embed/lib/rv32imac/ilp32\libg_nano.a(lib_a-nano-vfscanf_float.o)
 *fill*         0x0000000000008631        0x3 
 .rodata.nanf.cst4
                0x0000000000008634        0x4 e:/mounriver_studio/toolchain/risc-v embedded gcc/bin/../lib/gcc/riscv-none-embed/8.2.0/../../../../riscv-none-embed/lib/rv32imac/ilp32\libg_nano.a(lib_a-sf_nan.o)
 .rodata._strtod_l
                0x0000000000008638       0x14 e:/mounriver_studio/toolchain/risc-v embedded gcc/bin/../lib/gcc/riscv-none-embed/8.2.0/../../../../riscv-none-embed/lib/rv32imac/ilp32\libg_nano.a(lib_a-strtod.o)
 *fill*         0x000000000000864c        0x4 
 .rodata._strtod_l.cst8
                0x0000000000008650       0x38 e:/mounriver_studio/toolchain/risc-v embedded gcc/bin/../lib/gcc/riscv-none-embed/8.2.0/../../../../riscv-none-embed/lib/rv32imac/ilp32\libg_nano.a(lib_a-strtod.o)
 .rodata._strtod_l.str1.4
                0x0000000000008688        0xf e:/mounriver_studio/toolchain/risc-v embedded gcc/bin/../lib/gcc/riscv-none-embed/8.2.0/../../../../riscv-none-embed/lib/rv32imac/ilp32\libg_nano.a(lib_a-strtod.o)
 *fill*         0x0000000000008697        0x1 
 .rodata.fpi.3395
                0x0000000000008698       0x14 e:/mounriver_studio/toolchain/risc-v embedded gcc/bin/../lib/gcc/riscv-none-embed/8.2.0/../../../../riscv-none-embed/lib/rv32imac/ilp32\libg_nano.a(lib_a-strtod.o)
 .rodata.fpinan.3431
                0x00000000000086ac       0x14 e:/mounriver_studio/toolchain/risc-v embedded gcc/bin/../lib/gcc/riscv-none-embed/8.2.0/../../../../riscv-none-embed/lib/rv32imac/ilp32\libg_nano.a(lib_a-strtod.o)
 .rodata.tinytens
                0x00000000000086c0       0x28 e:/mounriver_studio/toolchain/risc-v embedded gcc/bin/../lib/gcc/riscv-none-embed/8.2.0/../../../../riscv-none-embed/lib/rv32imac/ilp32\libg_nano.a(lib_a-strtod.o)
 .rodata._dtoa_r.cst8
                0x00000000000086e8       0x38 e:/mounriver_studio/toolchain/risc-v embedded gcc/bin/../lib/gcc/riscv-none-embed/8.2.0/../../../../riscv-none-embed/lib/rv32imac/ilp32\libg_nano.a(lib_a-dtoa.o)
                                         0x48 (size before relaxing)
 .rodata._dtoa_r.str1.4
                0x0000000000008720       0x10 e:/mounriver_studio/toolchain/risc-v embedded gcc/bin/../lib/gcc/riscv-none-embed/8.2.0/../../../../riscv-none-embed/lib/rv32imac/ilp32\libg_nano.a(lib_a-dtoa.o)
                                         0x12 (size before relaxing)
 .rodata.__sf_fake_stderr
                0x0000000000008730       0x20 e:/mounriver_studio/toolchain/risc-v embedded gcc/bin/../lib/gcc/riscv-none-embed/8.2.0/../../../../riscv-none-embed/lib/rv32imac/ilp32\libg_nano.a(lib_a-findfp.o)
                0x0000000000008730                __sf_fake_stderr
 .rodata.__sf_fake_stdin
                0x0000000000008750       0x20 e:/mounriver_studio/toolchain/risc-v embedded gcc/bin/../lib/gcc/riscv-none-embed/8.2.0/../../../../riscv-none-embed/lib/rv32imac/ilp32\libg_nano.a(lib_a-findfp.o)
                0x0000000000008750                __sf_fake_stdin
 .rodata.__sf_fake_stdout
                0x0000000000008770       0x20 e:/mounriver_studio/toolchain/risc-v embedded gcc/bin/../lib/gcc/riscv-none-embed/8.2.0/../../../../riscv-none-embed/lib/rv32imac/ilp32\libg_nano.a(lib_a-findfp.o)
                0x0000000000008770                __sf_fake_stdout
 .rodata._setlocale_r.str1.4
                0x0000000000008790        0xa e:/mounriver_studio/toolchain/risc-v embedded gcc/bin/../lib/gcc/riscv-none-embed/8.2.0/../../../../riscv-none-embed/lib/rv32imac/ilp32\libg_nano.a(lib_a-locale.o)
                                          0xd (size before relaxing)
 *fill*         0x000000000000879a        0x2 
 .rodata.str1.4
                0x000000000000879c        0x2 e:/mounriver_studio/toolchain/risc-v embedded gcc/bin/../lib/gcc/riscv-none-embed/8.2.0/../../../../riscv-none-embed/lib/rv32imac/ilp32\libg_nano.a(lib_a-locale.o)
 *fill*         0x000000000000879e        0x2 
 .rodata.__mprec_bigtens
                0x00000000000087a0       0x28 e:/mounriver_studio/toolchain/risc-v embedded gcc/bin/../lib/gcc/riscv-none-embed/8.2.0/../../../../riscv-none-embed/lib/rv32imac/ilp32\libg_nano.a(lib_a-mprec.o)
                0x00000000000087a0                __mprec_bigtens
 .rodata.__mprec_tens
                0x00000000000087c8       0xc8 e:/mounriver_studio/toolchain/risc-v embedded gcc/bin/../lib/gcc/riscv-none-embed/8.2.0/../../../../riscv-none-embed/lib/rv32imac/ilp32\libg_nano.a(lib_a-mprec.o)
                0x00000000000087c8                __mprec_tens
 .rodata.p05.3319
                0x0000000000008890        0xc e:/mounriver_studio/toolchain/risc-v embedded gcc/bin/../lib/gcc/riscv-none-embed/8.2.0/../../../../riscv-none-embed/lib/rv32imac/ilp32\libg_nano.a(lib_a-mprec.o)
 .rodata._svfprintf_r.str1.4
                0x000000000000889c       0x14 e:/mounriver_studio/toolchain/risc-v embedded gcc/bin/../lib/gcc/riscv-none-embed/8.2.0/../../../../riscv-none-embed/lib/rv32imac/ilp32\libg_nano.a(lib_a-nano-svfprintf.o)
                                         0x13 (size before relaxing)
 .rodata._vfprintf_r.str1.4
                0x00000000000088b0       0x13 e:/mounriver_studio/toolchain/risc-v embedded gcc/bin/../lib/gcc/riscv-none-embed/8.2.0/../../../../riscv-none-embed/lib/rv32imac/ilp32\libg_nano.a(lib_a-nano-vfprintf.o)
 .rodata._ctype_
                0x00000000000088b0      0x101 e:/mounriver_studio/toolchain/risc-v embedded gcc/bin/../lib/gcc/riscv-none-embed/8.2.0/../../../../riscv-none-embed/lib/rv32imac/ilp32\libg_nano.a(lib_a-ctype_.o)
                0x00000000000088b0                _ctype_
 *fill*         0x00000000000089b1        0x3 
 .rodata.__divdf3
                0x00000000000089b4       0x40 e:/mounriver_studio/toolchain/risc-v embedded gcc/bin/../lib/gcc/riscv-none-embed/8.2.0/rv32imac/ilp32\libgcc.a(divdf3.o)
 *(.gnu.linkonce.t.*)
                0x00000000000089f4                . = ALIGN (0x4)

.rela.dyn       0x00000000000089f4        0x0
 .rela.text._sbrk
                0x00000000000089f4        0x0 CMakeFiles/ina_iic.elf.dir/Debug/debug.c.obj
 .rela.sdata.curbrk.5375
                0x00000000000089f4        0x0 CMakeFiles/ina_iic.elf.dir/Debug/debug.c.obj
 .rela.init     0x00000000000089f4        0x0 CMakeFiles/ina_iic.elf.dir/Debug/debug.c.obj
 .rela.vector   0x00000000000089f4        0x0 CMakeFiles/ina_iic.elf.dir/Debug/debug.c.obj
 .rela.text.handle_reset
                0x00000000000089f4        0x0 CMakeFiles/ina_iic.elf.dir/Debug/debug.c.obj
 .rela.text._svfprintf_r
                0x00000000000089f4        0x0 CMakeFiles/ina_iic.elf.dir/Debug/debug.c.obj
 .rela.text._vfprintf_r
                0x00000000000089f4        0x0 CMakeFiles/ina_iic.elf.dir/Debug/debug.c.obj
 .rela.text._sbrk_r
                0x00000000000089f4        0x0 CMakeFiles/ina_iic.elf.dir/Debug/debug.c.obj
 .rela.text._write_r
                0x00000000000089f4        0x0 CMakeFiles/ina_iic.elf.dir/Debug/debug.c.obj
 .rela.text._close_r
                0x00000000000089f4        0x0 CMakeFiles/ina_iic.elf.dir/Debug/debug.c.obj
 .rela.text._fstat_r
                0x00000000000089f4        0x0 CMakeFiles/ina_iic.elf.dir/Debug/debug.c.obj
 .rela.text._isatty_r
                0x00000000000089f4        0x0 CMakeFiles/ina_iic.elf.dir/Debug/debug.c.obj
 .rela.text._lseek_r
                0x00000000000089f4        0x0 CMakeFiles/ina_iic.elf.dir/Debug/debug.c.obj
 .rela.text._read_r
                0x00000000000089f4        0x0 CMakeFiles/ina_iic.elf.dir/Debug/debug.c.obj
 .rela.text._close
                0x00000000000089f4        0x0 CMakeFiles/ina_iic.elf.dir/Debug/debug.c.obj
 .rela.text._fstat
                0x00000000000089f4        0x0 CMakeFiles/ina_iic.elf.dir/Debug/debug.c.obj
 .rela.text._isatty
                0x00000000000089f4        0x0 CMakeFiles/ina_iic.elf.dir/Debug/debug.c.obj
 .rela.text._lseek
                0x00000000000089f4        0x0 CMakeFiles/ina_iic.elf.dir/Debug/debug.c.obj
 .rela.text._read
                0x00000000000089f4        0x0 CMakeFiles/ina_iic.elf.dir/Debug/debug.c.obj

.fini           0x00000000000089f4        0x0
 *(SORT_NONE(.fini))
                0x00000000000089f4                . = ALIGN (0x4)
                [!provide]                        PROVIDE (_etext = .)
                [!provide]                        PROVIDE (_eitcm = .)

.preinit_array  0x00000000000089f4        0x0
                [!provide]                        PROVIDE (__preinit_array_start = .)
 *(.preinit_array)
                [!provide]                        PROVIDE (__preinit_array_end = .)

.init_array     0x00000000000089f4        0x0
                [!provide]                        PROVIDE (__init_array_start = .)
 *(SORT_BY_INIT_PRIORITY(.init_array.*) SORT_BY_INIT_PRIORITY(.ctors.*))
 *(.init_array EXCLUDE_FILE(*crtend?.o *crtend.o *crtbegin?.o *crtbegin.o) .ctors)
                [!provide]                        PROVIDE (__init_array_end = .)

.fini_array     0x00000000000089f4        0x0
                [!provide]                        PROVIDE (__fini_array_start = .)
 *(SORT_BY_INIT_PRIORITY(.fini_array.*) SORT_BY_INIT_PRIORITY(.dtors.*))
 *(.fini_array EXCLUDE_FILE(*crtend?.o *crtend.o *crtbegin?.o *crtbegin.o) .dtors)
                [!provide]                        PROVIDE (__fini_array_end = .)

.ctors
 *crtbegin.o(.ctors)
 *crtbegin?.o(.ctors)
 *(EXCLUDE_FILE(*crtend?.o *crtend.o) .ctors)
 *(SORT_BY_NAME(.ctors.*))
 *(.ctors)

.dtors
 *crtbegin.o(.dtors)
 *crtbegin?.o(.dtors)
 *(EXCLUDE_FILE(*crtend?.o *crtend.o) .dtors)
 *(SORT_BY_NAME(.dtors.*))
 *(.dtors)

.dalign         0x0000000020000000        0x0 load address 0x00000000000089f4
                0x0000000020000000                . = ALIGN (0x4)
                0x0000000020000000                PROVIDE (_data_vma = .)

.dlalign        0x00000000000089f4        0x0
                0x00000000000089f4                . = ALIGN (0x4)
                0x00000000000089f4                PROVIDE (_data_lma = .)

.data           0x0000000020000000      0x208 load address 0x00000000000089f4
 *(.gnu.linkonce.r.*)
 *(.data .data.*)
 .data.PBHBPrescTable
                0x0000000020000000       0x10 CMakeFiles/ina_iic.elf.dir/Peripheral/src/ch32l103_rcc.c.obj
 .data.HBPrescTable
                0x0000000020000010       0x10 CMakeFiles/ina_iic.elf.dir/User/system_ch32l103.c.obj
                0x0000000020000010                HBPrescTable
 .data.impure_data
                0x0000000020000020       0x60 e:/mounriver_studio/toolchain/risc-v embedded gcc/bin/../lib/gcc/riscv-none-embed/8.2.0/../../../../riscv-none-embed/lib/rv32imac/ilp32\libg_nano.a(lib_a-impure.o)
 .data.__global_locale
                0x0000000020000080      0x16c e:/mounriver_studio/toolchain/risc-v embedded gcc/bin/../lib/gcc/riscv-none-embed/8.2.0/../../../../riscv-none-embed/lib/rv32imac/ilp32\libg_nano.a(lib_a-locale.o)
                0x0000000020000080                __global_locale
 *(.gnu.linkonce.d.*)
                0x00000000200001f0                . = ALIGN (0x8)
 *fill*         0x00000000200001ec        0x4 
                0x00000000200009f0                PROVIDE (__global_pointer$ = (. + 0x800))
 *(.sdata .sdata.*)
 .sdata.curbrk.5375
                0x00000000200001f0        0x4 CMakeFiles/ina_iic.elf.dir/Debug/debug.c.obj
 .sdata.ADCPrescTable
                0x00000000200001f4        0x4 CMakeFiles/ina_iic.elf.dir/Peripheral/src/ch32l103_rcc.c.obj
 .sdata.SystemCoreClock
                0x00000000200001f8        0x4 CMakeFiles/ina_iic.elf.dir/User/system_ch32l103.c.obj
                0x00000000200001f8                SystemCoreClock
 .sdata._impure_ptr
                0x00000000200001fc        0x4 e:/mounriver_studio/toolchain/risc-v embedded gcc/bin/../lib/gcc/riscv-none-embed/8.2.0/../../../../riscv-none-embed/lib/rv32imac/ilp32\libg_nano.a(lib_a-impure.o)
                0x00000000200001fc                _impure_ptr
 *(.sdata2.*)
 .sdata2._global_impure_ptr
                0x0000000020000200        0x4 e:/mounriver_studio/toolchain/risc-v embedded gcc/bin/../lib/gcc/riscv-none-embed/8.2.0/../../../../riscv-none-embed/lib/rv32imac/ilp32\libg_nano.a(lib_a-impure.o)
                0x0000000020000200                _global_impure_ptr
 *(.gnu.linkonce.s.*)
                0x0000000020000208                . = ALIGN (0x8)
 *fill*         0x0000000020000204        0x4 
 *(.srodata.cst16)
 *(.srodata.cst8)
 *(.srodata.cst4)
 *(.srodata.cst2)
 *(.srodata .srodata.*)
                0x0000000020000208                . = ALIGN (0x4)
                0x0000000020000208                PROVIDE (_edata = .)

.bss            0x0000000020000208       0x20 load address 0x0000000000008bfc
                0x0000000020000208                . = ALIGN (0x4)
                0x0000000020000208                PROVIDE (_sbss = .)
 *(.sbss*)
 .sbss.p_ms     0x0000000020000208        0x2 CMakeFiles/ina_iic.elf.dir/Debug/debug.c.obj
 .sbss.p_us     0x000000002000020a        0x2 CMakeFiles/ina_iic.elf.dir/Debug/debug.c.obj
 .sbss.ADC_Trim
                0x000000002000020c        0x2 CMakeFiles/ina_iic.elf.dir/Peripheral/src/ch32l103_gpio.c.obj
                0x000000002000020c                ADC_Trim
 *fill*         0x000000002000020e        0x2 
 .sbss.CHIPID   0x0000000020000210        0x4 CMakeFiles/ina_iic.elf.dir/Peripheral/src/ch32l103_gpio.c.obj
                0x0000000020000210                CHIPID
 .sbss.OPA_Trim
                0x0000000020000214        0x4 CMakeFiles/ina_iic.elf.dir/Peripheral/src/ch32l103_gpio.c.obj
                0x0000000020000214                OPA_Trim
 .sbss.TS_Val   0x0000000020000218        0x4 CMakeFiles/ina_iic.elf.dir/Peripheral/src/ch32l103_gpio.c.obj
                0x0000000020000218                TS_Val
 .sbss.__malloc_free_list
                0x000000002000021c        0x4 e:/mounriver_studio/toolchain/risc-v embedded gcc/bin/../lib/gcc/riscv-none-embed/8.2.0/../../../../riscv-none-embed/lib/rv32imac/ilp32\libg_nano.a(lib_a-nano-mallocr.o)
                0x000000002000021c                __malloc_free_list
 .sbss.__malloc_sbrk_start
                0x0000000020000220        0x4 e:/mounriver_studio/toolchain/risc-v embedded gcc/bin/../lib/gcc/riscv-none-embed/8.2.0/../../../../riscv-none-embed/lib/rv32imac/ilp32\libg_nano.a(lib_a-nano-mallocr.o)
                0x0000000020000220                __malloc_sbrk_start
 *(.gnu.linkonce.sb.*)
 *(.bss*)
 *(.gnu.linkonce.b.*)
 *(COMMON*)
 COMMON         0x0000000020000224        0x4 e:/mounriver_studio/toolchain/risc-v embedded gcc/bin/../lib/gcc/riscv-none-embed/8.2.0/../../../../riscv-none-embed/lib/rv32imac/ilp32\libg_nano.a(lib_a-reent.o)
                0x0000000020000224                errno
                0x0000000020000228                . = ALIGN (0x4)
                0x0000000020000228                PROVIDE (_ebss = .)
                0x0000000020000228                PROVIDE (_end = _ebss)
                [!provide]                        PROVIDE (end = .)

.stack          0x0000000020004800      0x800
                0x0000000020004800                PROVIDE (_heap_end = .)
                0x0000000020004800                . = ALIGN (0x4)
                [!provide]                        PROVIDE (_susrstack = .)
                0x0000000020005000                . = (. + __stack_size)
 *fill*         0x0000000020004800      0x800 
                0x0000000020005000                PROVIDE (_eusrstack = .)
OUTPUT(ina_iic.elf elf32-littleriscv)

.debug_info     0x0000000000000000     0xa5b7
 .debug_info    0x0000000000000000      0xff6 CMakeFiles/ina_iic.elf.dir/Debug/debug.c.obj
 .debug_info    0x0000000000000ff6      0xaf1 CMakeFiles/ina_iic.elf.dir/Peripheral/src/ch32l103_dbgmcu.c.obj
 .debug_info    0x0000000000001ae7     0x13fe CMakeFiles/ina_iic.elf.dir/Peripheral/src/ch32l103_gpio.c.obj
 .debug_info    0x0000000000002ee5     0x152d CMakeFiles/ina_iic.elf.dir/Peripheral/src/ch32l103_i2c.c.obj
 .debug_info    0x0000000000004412     0x12e3 CMakeFiles/ina_iic.elf.dir/Peripheral/src/ch32l103_rcc.c.obj
 .debug_info    0x00000000000056f5     0x1472 CMakeFiles/ina_iic.elf.dir/Peripheral/src/ch32l103_usart.c.obj
 .debug_info    0x0000000000006b67       0x22 CMakeFiles/ina_iic.elf.dir/Startup/startup_ch32l103.S.obj
 .debug_info    0x0000000000006b89      0x9f1 CMakeFiles/ina_iic.elf.dir/User/ch32l103_it.c.obj
 .debug_info    0x000000000000757a     0x1749 CMakeFiles/ina_iic.elf.dir/User/ina226.c.obj
 .debug_info    0x0000000000008cc3      0xc80 CMakeFiles/ina_iic.elf.dir/User/main.c.obj
 .debug_info    0x0000000000009943      0xc74 CMakeFiles/ina_iic.elf.dir/User/system_ch32l103.c.obj

.debug_abbrev   0x0000000000000000     0x1d86
 .debug_abbrev  0x0000000000000000      0x317 CMakeFiles/ina_iic.elf.dir/Debug/debug.c.obj
 .debug_abbrev  0x0000000000000317      0x2ad CMakeFiles/ina_iic.elf.dir/Peripheral/src/ch32l103_dbgmcu.c.obj
 .debug_abbrev  0x00000000000005c4      0x35a CMakeFiles/ina_iic.elf.dir/Peripheral/src/ch32l103_gpio.c.obj
 .debug_abbrev  0x000000000000091e      0x347 CMakeFiles/ina_iic.elf.dir/Peripheral/src/ch32l103_i2c.c.obj
 .debug_abbrev  0x0000000000000c65      0x391 CMakeFiles/ina_iic.elf.dir/Peripheral/src/ch32l103_rcc.c.obj
 .debug_abbrev  0x0000000000000ff6      0x336 CMakeFiles/ina_iic.elf.dir/Peripheral/src/ch32l103_usart.c.obj
 .debug_abbrev  0x000000000000132c       0x12 CMakeFiles/ina_iic.elf.dir/Startup/startup_ch32l103.S.obj
 .debug_abbrev  0x000000000000133e      0x1f6 CMakeFiles/ina_iic.elf.dir/User/ch32l103_it.c.obj
 .debug_abbrev  0x0000000000001534      0x2f6 CMakeFiles/ina_iic.elf.dir/User/ina226.c.obj
 .debug_abbrev  0x000000000000182a      0x29c CMakeFiles/ina_iic.elf.dir/User/main.c.obj
 .debug_abbrev  0x0000000000001ac6      0x2c0 CMakeFiles/ina_iic.elf.dir/User/system_ch32l103.c.obj

.debug_loc      0x0000000000000000     0x223b
 .debug_loc     0x0000000000000000      0x1e0 CMakeFiles/ina_iic.elf.dir/Debug/debug.c.obj
 .debug_loc     0x00000000000001e0       0xad CMakeFiles/ina_iic.elf.dir/Peripheral/src/ch32l103_dbgmcu.c.obj
 .debug_loc     0x000000000000028d      0x876 CMakeFiles/ina_iic.elf.dir/Peripheral/src/ch32l103_gpio.c.obj
 .debug_loc     0x0000000000000b03      0x645 CMakeFiles/ina_iic.elf.dir/Peripheral/src/ch32l103_i2c.c.obj
 .debug_loc     0x0000000000001148      0x6f1 CMakeFiles/ina_iic.elf.dir/Peripheral/src/ch32l103_rcc.c.obj
 .debug_loc     0x0000000000001839      0x7b4 CMakeFiles/ina_iic.elf.dir/Peripheral/src/ch32l103_usart.c.obj
 .debug_loc     0x0000000000001fed      0x155 CMakeFiles/ina_iic.elf.dir/User/ina226.c.obj
 .debug_loc     0x0000000000002142       0xf9 CMakeFiles/ina_iic.elf.dir/User/system_ch32l103.c.obj

.debug_aranges  0x0000000000000000      0x588
 .debug_aranges
                0x0000000000000000       0x50 CMakeFiles/ina_iic.elf.dir/Debug/debug.c.obj
 .debug_aranges
                0x0000000000000050       0x48 CMakeFiles/ina_iic.elf.dir/Peripheral/src/ch32l103_dbgmcu.c.obj
 .debug_aranges
                0x0000000000000098       0xa8 CMakeFiles/ina_iic.elf.dir/Peripheral/src/ch32l103_gpio.c.obj
 .debug_aranges
                0x0000000000000140      0x120 CMakeFiles/ina_iic.elf.dir/Peripheral/src/ch32l103_i2c.c.obj
 .debug_aranges
                0x0000000000000260      0x130 CMakeFiles/ina_iic.elf.dir/Peripheral/src/ch32l103_rcc.c.obj
 .debug_aranges
                0x0000000000000390      0x100 CMakeFiles/ina_iic.elf.dir/Peripheral/src/ch32l103_usart.c.obj
 .debug_aranges
                0x0000000000000490       0x30 CMakeFiles/ina_iic.elf.dir/Startup/startup_ch32l103.S.obj
 .debug_aranges
                0x00000000000004c0       0x28 CMakeFiles/ina_iic.elf.dir/User/ch32l103_it.c.obj
 .debug_aranges
                0x00000000000004e8       0x48 CMakeFiles/ina_iic.elf.dir/User/ina226.c.obj
 .debug_aranges
                0x0000000000000530       0x20 CMakeFiles/ina_iic.elf.dir/User/main.c.obj
 .debug_aranges
                0x0000000000000550       0x38 CMakeFiles/ina_iic.elf.dir/User/system_ch32l103.c.obj

.debug_ranges   0x0000000000000000      0x4e0
 .debug_ranges  0x0000000000000000       0x40 CMakeFiles/ina_iic.elf.dir/Debug/debug.c.obj
 .debug_ranges  0x0000000000000040       0x38 CMakeFiles/ina_iic.elf.dir/Peripheral/src/ch32l103_dbgmcu.c.obj
 .debug_ranges  0x0000000000000078       0x98 CMakeFiles/ina_iic.elf.dir/Peripheral/src/ch32l103_gpio.c.obj
 .debug_ranges  0x0000000000000110      0x110 CMakeFiles/ina_iic.elf.dir/Peripheral/src/ch32l103_i2c.c.obj
 .debug_ranges  0x0000000000000220      0x120 CMakeFiles/ina_iic.elf.dir/Peripheral/src/ch32l103_rcc.c.obj
 .debug_ranges  0x0000000000000340       0xf0 CMakeFiles/ina_iic.elf.dir/Peripheral/src/ch32l103_usart.c.obj
 .debug_ranges  0x0000000000000430       0x28 CMakeFiles/ina_iic.elf.dir/Startup/startup_ch32l103.S.obj
 .debug_ranges  0x0000000000000458       0x18 CMakeFiles/ina_iic.elf.dir/User/ch32l103_it.c.obj
 .debug_ranges  0x0000000000000470       0x38 CMakeFiles/ina_iic.elf.dir/User/ina226.c.obj
 .debug_ranges  0x00000000000004a8       0x10 CMakeFiles/ina_iic.elf.dir/User/main.c.obj
 .debug_ranges  0x00000000000004b8       0x28 CMakeFiles/ina_iic.elf.dir/User/system_ch32l103.c.obj

.debug_line     0x0000000000000000     0x6989
 .debug_line    0x0000000000000000      0x743 CMakeFiles/ina_iic.elf.dir/Debug/debug.c.obj
 .debug_line    0x0000000000000743      0x38a CMakeFiles/ina_iic.elf.dir/Peripheral/src/ch32l103_dbgmcu.c.obj
 .debug_line    0x0000000000000acd     0x1333 CMakeFiles/ina_iic.elf.dir/Peripheral/src/ch32l103_gpio.c.obj
 .debug_line    0x0000000000001e00     0x112f CMakeFiles/ina_iic.elf.dir/Peripheral/src/ch32l103_i2c.c.obj
 .debug_line    0x0000000000002f2f     0x125a CMakeFiles/ina_iic.elf.dir/Peripheral/src/ch32l103_rcc.c.obj
 .debug_line    0x0000000000004189      0xfca CMakeFiles/ina_iic.elf.dir/Peripheral/src/ch32l103_usart.c.obj
 .debug_line    0x0000000000005153      0x12a CMakeFiles/ina_iic.elf.dir/Startup/startup_ch32l103.S.obj
 .debug_line    0x000000000000527d      0x265 CMakeFiles/ina_iic.elf.dir/User/ch32l103_it.c.obj
 .debug_line    0x00000000000054e2      0xaad CMakeFiles/ina_iic.elf.dir/User/ina226.c.obj
 .debug_line    0x0000000000005f8f      0x38c CMakeFiles/ina_iic.elf.dir/User/main.c.obj
 .debug_line    0x000000000000631b      0x66e CMakeFiles/ina_iic.elf.dir/User/system_ch32l103.c.obj

.debug_str      0x0000000000000000     0x1a1f
 .debug_str     0x0000000000000000      0x90d CMakeFiles/ina_iic.elf.dir/Debug/debug.c.obj
                                        0x9ae (size before relaxing)
 .debug_str     0x000000000000090d       0xb4 CMakeFiles/ina_iic.elf.dir/Peripheral/src/ch32l103_dbgmcu.c.obj
                                        0x6f6 (size before relaxing)
 .debug_str     0x00000000000009c1      0x25d CMakeFiles/ina_iic.elf.dir/Peripheral/src/ch32l103_gpio.c.obj
                                        0xa1a (size before relaxing)
 .debug_str     0x0000000000000c1e      0x477 CMakeFiles/ina_iic.elf.dir/Peripheral/src/ch32l103_i2c.c.obj
                                        0xb7b (size before relaxing)
 .debug_str     0x0000000000001095      0x3db CMakeFiles/ina_iic.elf.dir/Peripheral/src/ch32l103_rcc.c.obj
                                        0xb57 (size before relaxing)
 .debug_str     0x0000000000001470      0x35c CMakeFiles/ina_iic.elf.dir/Peripheral/src/ch32l103_usart.c.obj
                                        0xbb0 (size before relaxing)
 .debug_str     0x00000000000017cc       0x36 CMakeFiles/ina_iic.elf.dir/Startup/startup_ch32l103.S.obj
                                         0x6c (size before relaxing)
 .debug_str     0x0000000000001802       0x40 CMakeFiles/ina_iic.elf.dir/User/ch32l103_it.c.obj
                                        0x666 (size before relaxing)
 .debug_str     0x0000000000001842       0xd7 CMakeFiles/ina_iic.elf.dir/User/ina226.c.obj
                                        0xa4a (size before relaxing)
 .debug_str     0x0000000000001919       0x83 CMakeFiles/ina_iic.elf.dir/User/main.c.obj
                                        0x718 (size before relaxing)
 .debug_str     0x000000000000199c       0x83 CMakeFiles/ina_iic.elf.dir/User/system_ch32l103.c.obj
                                        0x787 (size before relaxing)

.comment        0x0000000000000000       0x33
 .comment       0x0000000000000000       0x33 CMakeFiles/ina_iic.elf.dir/Debug/debug.c.obj
                                         0x34 (size before relaxing)
 .comment       0x0000000000000033       0x34 CMakeFiles/ina_iic.elf.dir/Peripheral/src/ch32l103_dbgmcu.c.obj
 .comment       0x0000000000000033       0x34 CMakeFiles/ina_iic.elf.dir/Peripheral/src/ch32l103_gpio.c.obj
 .comment       0x0000000000000033       0x34 CMakeFiles/ina_iic.elf.dir/Peripheral/src/ch32l103_i2c.c.obj
 .comment       0x0000000000000033       0x34 CMakeFiles/ina_iic.elf.dir/Peripheral/src/ch32l103_rcc.c.obj
 .comment       0x0000000000000033       0x34 CMakeFiles/ina_iic.elf.dir/Peripheral/src/ch32l103_usart.c.obj
 .comment       0x0000000000000033       0x34 CMakeFiles/ina_iic.elf.dir/User/ch32l103_it.c.obj
 .comment       0x0000000000000033       0x34 CMakeFiles/ina_iic.elf.dir/User/ina226.c.obj
 .comment       0x0000000000000033       0x34 CMakeFiles/ina_iic.elf.dir/User/main.c.obj
 .comment       0x0000000000000033       0x34 CMakeFiles/ina_iic.elf.dir/User/system_ch32l103.c.obj

.debug_frame    0x0000000000000000     0x2230
 .debug_frame   0x0000000000000000       0xc0 CMakeFiles/ina_iic.elf.dir/Debug/debug.c.obj
 .debug_frame   0x00000000000000c0       0x80 CMakeFiles/ina_iic.elf.dir/Peripheral/src/ch32l103_dbgmcu.c.obj
 .debug_frame   0x0000000000000140      0x164 CMakeFiles/ina_iic.elf.dir/Peripheral/src/ch32l103_gpio.c.obj
 .debug_frame   0x00000000000002a4      0x25c CMakeFiles/ina_iic.elf.dir/Peripheral/src/ch32l103_i2c.c.obj
 .debug_frame   0x0000000000000500      0x254 CMakeFiles/ina_iic.elf.dir/Peripheral/src/ch32l103_rcc.c.obj
 .debug_frame   0x0000000000000754      0x204 CMakeFiles/ina_iic.elf.dir/Peripheral/src/ch32l103_usart.c.obj
 .debug_frame   0x0000000000000958       0x30 CMakeFiles/ina_iic.elf.dir/User/ch32l103_it.c.obj
 .debug_frame   0x0000000000000988       0xf4 CMakeFiles/ina_iic.elf.dir/User/ina226.c.obj
 .debug_frame   0x0000000000000a7c       0x30 CMakeFiles/ina_iic.elf.dir/User/main.c.obj
 .debug_frame   0x0000000000000aac       0x68 CMakeFiles/ina_iic.elf.dir/User/system_ch32l103.c.obj
 .debug_frame   0x0000000000000b14       0x54 e:/mounriver_studio/toolchain/risc-v embedded gcc/bin/../lib/gcc/riscv-none-embed/8.2.0/rv32imac/ilp32\libgcc.a(muldf3.o)
 .debug_frame   0x0000000000000b68       0x38 e:/mounriver_studio/toolchain/risc-v embedded gcc/bin/../lib/gcc/riscv-none-embed/8.2.0/rv32imac/ilp32\libgcc.a(floatsidf.o)
 .debug_frame   0x0000000000000ba0       0x20 e:/mounriver_studio/toolchain/risc-v embedded gcc/bin/../lib/gcc/riscv-none-embed/8.2.0/rv32imac/ilp32\libgcc.a(_clzsi2.o)
 .debug_frame   0x0000000000000bc0       0xbc e:/mounriver_studio/toolchain/risc-v embedded gcc/bin/../lib/gcc/riscv-none-embed/8.2.0/../../../../riscv-none-embed/lib/rv32imac/ilp32\libg_nano.a(lib_a-nano-vfprintf_float.o)
 .debug_frame   0x0000000000000c7c       0x8c e:/mounriver_studio/toolchain/risc-v embedded gcc/bin/../lib/gcc/riscv-none-embed/8.2.0/../../../../riscv-none-embed/lib/rv32imac/ilp32\libg_nano.a(lib_a-nano-vfprintf_i.o)
 .debug_frame   0x0000000000000d08       0x60 e:/mounriver_studio/toolchain/risc-v embedded gcc/bin/../lib/gcc/riscv-none-embed/8.2.0/../../../../riscv-none-embed/lib/rv32imac/ilp32\libg_nano.a(lib_a-nano-vfscanf_float.o)
 .debug_frame   0x0000000000000d68       0x54 e:/mounriver_studio/toolchain/risc-v embedded gcc/bin/../lib/gcc/riscv-none-embed/8.2.0/../../../../riscv-none-embed/lib/rv32imac/ilp32\libg_nano.a(lib_a-printf.o)
 .debug_frame   0x0000000000000dbc       0x54 e:/mounriver_studio/toolchain/risc-v embedded gcc/bin/../lib/gcc/riscv-none-embed/8.2.0/../../../../riscv-none-embed/lib/rv32imac/ilp32\libg_nano.a(lib_a-puts.o)
 .debug_frame   0x0000000000000e10       0x20 e:/mounriver_studio/toolchain/risc-v embedded gcc/bin/../lib/gcc/riscv-none-embed/8.2.0/../../../../riscv-none-embed/lib/rv32imac/ilp32\libg_nano.a(lib_a-sf_nan.o)
 .debug_frame   0x0000000000000e30       0x48 e:/mounriver_studio/toolchain/risc-v embedded gcc/bin/../lib/gcc/riscv-none-embed/8.2.0/../../../../riscv-none-embed/lib/rv32imac/ilp32\libg_nano.a(lib_a-sprintf.o)
 .debug_frame   0x0000000000000e78       0x20 e:/mounriver_studio/toolchain/risc-v embedded gcc/bin/../lib/gcc/riscv-none-embed/8.2.0/../../../../riscv-none-embed/lib/rv32imac/ilp32\libg_nano.a(lib_a-strlen.o)
 .debug_frame   0x0000000000000e98      0x154 e:/mounriver_studio/toolchain/risc-v embedded gcc/bin/../lib/gcc/riscv-none-embed/8.2.0/../../../../riscv-none-embed/lib/rv32imac/ilp32\libg_nano.a(lib_a-strtod.o)
 .debug_frame   0x0000000000000fec       0x70 e:/mounriver_studio/toolchain/risc-v embedded gcc/bin/../lib/gcc/riscv-none-embed/8.2.0/../../../../riscv-none-embed/lib/rv32imac/ilp32\libg_nano.a(lib_a-strtol.o)
 .debug_frame   0x000000000000105c       0x50 e:/mounriver_studio/toolchain/risc-v embedded gcc/bin/../lib/gcc/riscv-none-embed/8.2.0/../../../../riscv-none-embed/lib/rv32imac/ilp32\libg_nano.a(lib_a-wbuf.o)
 .debug_frame   0x00000000000010ac       0x3c e:/mounriver_studio/toolchain/risc-v embedded gcc/bin/../lib/gcc/riscv-none-embed/8.2.0/../../../../riscv-none-embed/lib/rv32imac/ilp32\libg_nano.a(lib_a-wsetup.o)
 .debug_frame   0x00000000000010e8       0x98 e:/mounriver_studio/toolchain/risc-v embedded gcc/bin/../lib/gcc/riscv-none-embed/8.2.0/../../../../riscv-none-embed/lib/rv32imac/ilp32\libg_nano.a(lib_a-dtoa.o)
 .debug_frame   0x0000000000001180       0x7c e:/mounriver_studio/toolchain/risc-v embedded gcc/bin/../lib/gcc/riscv-none-embed/8.2.0/../../../../riscv-none-embed/lib/rv32imac/ilp32\libg_nano.a(lib_a-fflush.o)
 .debug_frame   0x00000000000011fc      0x148 e:/mounriver_studio/toolchain/risc-v embedded gcc/bin/../lib/gcc/riscv-none-embed/8.2.0/../../../../riscv-none-embed/lib/rv32imac/ilp32\libg_nano.a(lib_a-findfp.o)
 .debug_frame   0x0000000000001344       0x88 e:/mounriver_studio/toolchain/risc-v embedded gcc/bin/../lib/gcc/riscv-none-embed/8.2.0/../../../../riscv-none-embed/lib/rv32imac/ilp32\libg_nano.a(lib_a-fwalk.o)
 .debug_frame   0x00000000000013cc       0x84 e:/mounriver_studio/toolchain/risc-v embedded gcc/bin/../lib/gcc/riscv-none-embed/8.2.0/../../../../riscv-none-embed/lib/rv32imac/ilp32\libg_nano.a(lib_a-gdtoa-gethex.o)
 .debug_frame   0x0000000000001450       0x80 e:/mounriver_studio/toolchain/risc-v embedded gcc/bin/../lib/gcc/riscv-none-embed/8.2.0/../../../../riscv-none-embed/lib/rv32imac/ilp32\libg_nano.a(lib_a-gdtoa-hexnan.o)
 .debug_frame   0x00000000000014d0       0x78 e:/mounriver_studio/toolchain/risc-v embedded gcc/bin/../lib/gcc/riscv-none-embed/8.2.0/../../../../riscv-none-embed/lib/rv32imac/ilp32\libg_nano.a(lib_a-locale.o)
 .debug_frame   0x0000000000001548       0x40 e:/mounriver_studio/toolchain/risc-v embedded gcc/bin/../lib/gcc/riscv-none-embed/8.2.0/../../../../riscv-none-embed/lib/rv32imac/ilp32\libg_nano.a(lib_a-localeconv.o)
 .debug_frame   0x0000000000001588       0x64 e:/mounriver_studio/toolchain/risc-v embedded gcc/bin/../lib/gcc/riscv-none-embed/8.2.0/../../../../riscv-none-embed/lib/rv32imac/ilp32\libg_nano.a(lib_a-makebuf.o)
 .debug_frame   0x00000000000015ec       0x30 e:/mounriver_studio/toolchain/risc-v embedded gcc/bin/../lib/gcc/riscv-none-embed/8.2.0/../../../../riscv-none-embed/lib/rv32imac/ilp32\libg_nano.a(lib_a-malloc.o)
 .debug_frame   0x000000000000161c       0x38 e:/mounriver_studio/toolchain/risc-v embedded gcc/bin/../lib/gcc/riscv-none-embed/8.2.0/../../../../riscv-none-embed/lib/rv32imac/ilp32\libg_nano.a(lib_a-mbtowc_r.o)
 .debug_frame   0x0000000000001654       0x20 e:/mounriver_studio/toolchain/risc-v embedded gcc/bin/../lib/gcc/riscv-none-embed/8.2.0/../../../../riscv-none-embed/lib/rv32imac/ilp32\libg_nano.a(lib_a-memchr.o)
 .debug_frame   0x0000000000001674       0x20 e:/mounriver_studio/toolchain/risc-v embedded gcc/bin/../lib/gcc/riscv-none-embed/8.2.0/../../../../riscv-none-embed/lib/rv32imac/ilp32\libg_nano.a(lib_a-memcpy.o)
 .debug_frame   0x0000000000001694      0x2e0 e:/mounriver_studio/toolchain/risc-v embedded gcc/bin/../lib/gcc/riscv-none-embed/8.2.0/../../../../riscv-none-embed/lib/rv32imac/ilp32\libg_nano.a(lib_a-mprec.o)
 .debug_frame   0x0000000000001974       0x30 e:/mounriver_studio/toolchain/risc-v embedded gcc/bin/../lib/gcc/riscv-none-embed/8.2.0/../../../../riscv-none-embed/lib/rv32imac/ilp32\libg_nano.a(lib_a-nano-callocr.o)
 .debug_frame   0x00000000000019a4       0x40 e:/mounriver_studio/toolchain/risc-v embedded gcc/bin/../lib/gcc/riscv-none-embed/8.2.0/../../../../riscv-none-embed/lib/rv32imac/ilp32\libg_nano.a(lib_a-nano-freer.o)
 .debug_frame   0x00000000000019e4       0x40 e:/mounriver_studio/toolchain/risc-v embedded gcc/bin/../lib/gcc/riscv-none-embed/8.2.0/../../../../riscv-none-embed/lib/rv32imac/ilp32\libg_nano.a(lib_a-nano-mallocr.o)
 .debug_frame   0x0000000000001a24       0xe0 e:/mounriver_studio/toolchain/risc-v embedded gcc/bin/../lib/gcc/riscv-none-embed/8.2.0/../../../../riscv-none-embed/lib/rv32imac/ilp32\libg_nano.a(lib_a-nano-svfprintf.o)
 .debug_frame   0x0000000000001b04       0xd0 e:/mounriver_studio/toolchain/risc-v embedded gcc/bin/../lib/gcc/riscv-none-embed/8.2.0/../../../../riscv-none-embed/lib/rv32imac/ilp32\libg_nano.a(lib_a-nano-vfprintf.o)
 .debug_frame   0x0000000000001bd4       0x30 e:/mounriver_studio/toolchain/risc-v embedded gcc/bin/../lib/gcc/riscv-none-embed/8.2.0/../../../../riscv-none-embed/lib/rv32imac/ilp32\libg_nano.a(lib_a-sbrkr.o)
 .debug_frame   0x0000000000001c04       0xa4 e:/mounriver_studio/toolchain/risc-v embedded gcc/bin/../lib/gcc/riscv-none-embed/8.2.0/../../../../riscv-none-embed/lib/rv32imac/ilp32\libg_nano.a(lib_a-stdio.o)
 .debug_frame   0x0000000000001ca8       0x20 e:/mounriver_studio/toolchain/risc-v embedded gcc/bin/../lib/gcc/riscv-none-embed/8.2.0/../../../../riscv-none-embed/lib/rv32imac/ilp32\libg_nano.a(lib_a-strncmp.o)
 .debug_frame   0x0000000000001cc8       0x30 e:/mounriver_studio/toolchain/risc-v embedded gcc/bin/../lib/gcc/riscv-none-embed/8.2.0/../../../../riscv-none-embed/lib/rv32imac/ilp32\libg_nano.a(lib_a-wctomb_r.o)
 .debug_frame   0x0000000000001cf8       0x30 e:/mounriver_studio/toolchain/risc-v embedded gcc/bin/../lib/gcc/riscv-none-embed/8.2.0/../../../../riscv-none-embed/lib/rv32imac/ilp32\libg_nano.a(lib_a-writer.o)
 .debug_frame   0x0000000000001d28       0x30 e:/mounriver_studio/toolchain/risc-v embedded gcc/bin/../lib/gcc/riscv-none-embed/8.2.0/../../../../riscv-none-embed/lib/rv32imac/ilp32\libg_nano.a(lib_a-closer.o)
 .debug_frame   0x0000000000001d58       0x30 e:/mounriver_studio/toolchain/risc-v embedded gcc/bin/../lib/gcc/riscv-none-embed/8.2.0/../../../../riscv-none-embed/lib/rv32imac/ilp32\libg_nano.a(lib_a-fstatr.o)
 .debug_frame   0x0000000000001d88       0x30 e:/mounriver_studio/toolchain/risc-v embedded gcc/bin/../lib/gcc/riscv-none-embed/8.2.0/../../../../riscv-none-embed/lib/rv32imac/ilp32\libg_nano.a(lib_a-isattyr.o)
 .debug_frame   0x0000000000001db8       0x30 e:/mounriver_studio/toolchain/risc-v embedded gcc/bin/../lib/gcc/riscv-none-embed/8.2.0/../../../../riscv-none-embed/lib/rv32imac/ilp32\libg_nano.a(lib_a-lseekr.o)
 .debug_frame   0x0000000000001de8       0x20 e:/mounriver_studio/toolchain/risc-v embedded gcc/bin/../lib/gcc/riscv-none-embed/8.2.0/../../../../riscv-none-embed/lib/rv32imac/ilp32\libg_nano.a(lib_a-memmove.o)
 .debug_frame   0x0000000000001e08       0x30 e:/mounriver_studio/toolchain/risc-v embedded gcc/bin/../lib/gcc/riscv-none-embed/8.2.0/../../../../riscv-none-embed/lib/rv32imac/ilp32\libg_nano.a(lib_a-mlock.o)
 .debug_frame   0x0000000000001e38       0x40 e:/mounriver_studio/toolchain/risc-v embedded gcc/bin/../lib/gcc/riscv-none-embed/8.2.0/../../../../riscv-none-embed/lib/rv32imac/ilp32\libg_nano.a(lib_a-nano-reallocr.o)
 .debug_frame   0x0000000000001e78       0x30 e:/mounriver_studio/toolchain/risc-v embedded gcc/bin/../lib/gcc/riscv-none-embed/8.2.0/../../../../riscv-none-embed/lib/rv32imac/ilp32\libg_nano.a(lib_a-readr.o)
 .debug_frame   0x0000000000001ea8       0x70 e:/mounriver_studio/toolchain/risc-v embedded gcc/bin/../lib/gcc/riscv-none-embed/8.2.0/../../../../riscv-none-embed/lib/rv32imac/ilp32\libg_nano.a(lib_a-reent.o)
 .debug_frame   0x0000000000001f18       0x20 e:/mounriver_studio/toolchain/risc-v embedded gcc/bin/../lib/gcc/riscv-none-embed/8.2.0/../../../../riscv-none-embed/lib/rv32imac/ilp32\libg_nano.a(lib_a-nano-msizer.o)
 .debug_frame   0x0000000000001f38       0x44 e:/mounriver_studio/toolchain/risc-v embedded gcc/bin/../lib/gcc/riscv-none-embed/8.2.0/rv32imac/ilp32\libgcc.a(adddf3.o)
 .debug_frame   0x0000000000001f7c       0x50 e:/mounriver_studio/toolchain/risc-v embedded gcc/bin/../lib/gcc/riscv-none-embed/8.2.0/rv32imac/ilp32\libgcc.a(divdf3.o)
 .debug_frame   0x0000000000001fcc       0x20 e:/mounriver_studio/toolchain/risc-v embedded gcc/bin/../lib/gcc/riscv-none-embed/8.2.0/rv32imac/ilp32\libgcc.a(eqdf2.o)
 .debug_frame   0x0000000000001fec       0x20 e:/mounriver_studio/toolchain/risc-v embedded gcc/bin/../lib/gcc/riscv-none-embed/8.2.0/rv32imac/ilp32\libgcc.a(gedf2.o)
 .debug_frame   0x000000000000200c       0x20 e:/mounriver_studio/toolchain/risc-v embedded gcc/bin/../lib/gcc/riscv-none-embed/8.2.0/rv32imac/ilp32\libgcc.a(ledf2.o)
 .debug_frame   0x000000000000202c       0x44 e:/mounriver_studio/toolchain/risc-v embedded gcc/bin/../lib/gcc/riscv-none-embed/8.2.0/rv32imac/ilp32\libgcc.a(subdf3.o)
 .debug_frame   0x0000000000002070       0x20 e:/mounriver_studio/toolchain/risc-v embedded gcc/bin/../lib/gcc/riscv-none-embed/8.2.0/rv32imac/ilp32\libgcc.a(unorddf2.o)
 .debug_frame   0x0000000000002090       0x20 e:/mounriver_studio/toolchain/risc-v embedded gcc/bin/../lib/gcc/riscv-none-embed/8.2.0/rv32imac/ilp32\libgcc.a(fixdfsi.o)
 .debug_frame   0x00000000000020b0       0x20 e:/mounriver_studio/toolchain/risc-v embedded gcc/bin/../lib/gcc/riscv-none-embed/8.2.0/rv32imac/ilp32\libgcc.a(fixunsdfsi.o)
 .debug_frame   0x00000000000020d0       0x38 e:/mounriver_studio/toolchain/risc-v embedded gcc/bin/../lib/gcc/riscv-none-embed/8.2.0/rv32imac/ilp32\libgcc.a(floatunsidf.o)
 .debug_frame   0x0000000000002108       0x3c e:/mounriver_studio/toolchain/risc-v embedded gcc/bin/../lib/gcc/riscv-none-embed/8.2.0/rv32imac/ilp32\libgcc.a(extenddftf2.o)
 .debug_frame   0x0000000000002144       0x20 e:/mounriver_studio/toolchain/risc-v embedded gcc/bin/../lib/gcc/riscv-none-embed/8.2.0/rv32imac/ilp32\libgcc.a(truncdfsf2.o)
 .debug_frame   0x0000000000002164       0x2c e:/mounriver_studio/toolchain/risc-v embedded gcc/bin/../lib/gcc/riscv-none-embed/8.2.0/rv32imac/ilp32\libgcc.a(trunctfdf2.o)
 .debug_frame   0x0000000000002190       0x20 e:/mounriver_studio/toolchain/risc-v embedded gcc/bin/../lib/gcc/riscv-none-embed/8.2.0/../../../../riscv-none-embed/lib/rv32imac/ilp32\libnosys.a(close.o)
 .debug_frame   0x00000000000021b0       0x20 e:/mounriver_studio/toolchain/risc-v embedded gcc/bin/../lib/gcc/riscv-none-embed/8.2.0/../../../../riscv-none-embed/lib/rv32imac/ilp32\libnosys.a(fstat.o)
 .debug_frame   0x00000000000021d0       0x20 e:/mounriver_studio/toolchain/risc-v embedded gcc/bin/../lib/gcc/riscv-none-embed/8.2.0/../../../../riscv-none-embed/lib/rv32imac/ilp32\libnosys.a(isatty.o)
 .debug_frame   0x00000000000021f0       0x20 e:/mounriver_studio/toolchain/risc-v embedded gcc/bin/../lib/gcc/riscv-none-embed/8.2.0/../../../../riscv-none-embed/lib/rv32imac/ilp32\libnosys.a(lseek.o)
 .debug_frame   0x0000000000002210       0x20 e:/mounriver_studio/toolchain/risc-v embedded gcc/bin/../lib/gcc/riscv-none-embed/8.2.0/../../../../riscv-none-embed/lib/rv32imac/ilp32\libnosys.a(read.o)

.stab           0x0000000000000000       0x84
 .stab          0x0000000000000000       0x24 e:/mounriver_studio/toolchain/risc-v embedded gcc/bin/../lib/gcc/riscv-none-embed/8.2.0/../../../../riscv-none-embed/lib/rv32imac/ilp32\libnosys.a(close.o)
 .stab          0x0000000000000024       0x18 e:/mounriver_studio/toolchain/risc-v embedded gcc/bin/../lib/gcc/riscv-none-embed/8.2.0/../../../../riscv-none-embed/lib/rv32imac/ilp32\libnosys.a(fstat.o)
                                         0x24 (size before relaxing)
 .stab          0x000000000000003c       0x18 e:/mounriver_studio/toolchain/risc-v embedded gcc/bin/../lib/gcc/riscv-none-embed/8.2.0/../../../../riscv-none-embed/lib/rv32imac/ilp32\libnosys.a(isatty.o)
                                         0x24 (size before relaxing)
 .stab          0x0000000000000054       0x18 e:/mounriver_studio/toolchain/risc-v embedded gcc/bin/../lib/gcc/riscv-none-embed/8.2.0/../../../../riscv-none-embed/lib/rv32imac/ilp32\libnosys.a(lseek.o)
                                         0x24 (size before relaxing)
 .stab          0x000000000000006c       0x18 e:/mounriver_studio/toolchain/risc-v embedded gcc/bin/../lib/gcc/riscv-none-embed/8.2.0/../../../../riscv-none-embed/lib/rv32imac/ilp32\libnosys.a(read.o)
                                         0x24 (size before relaxing)

.stabstr        0x0000000000000000      0x117
 .stabstr       0x0000000000000000      0x117 e:/mounriver_studio/toolchain/risc-v embedded gcc/bin/../lib/gcc/riscv-none-embed/8.2.0/../../../../riscv-none-embed/lib/rv32imac/ilp32\libnosys.a(close.o)

Cross Reference Table

Symbol                                            File
ADC_AnalogWatchdogCmd                             CMakeFiles/ina_iic.elf.dir/Peripheral/src/ch32l103_adc.c.obj
ADC_AnalogWatchdogResetCmd                        CMakeFiles/ina_iic.elf.dir/Peripheral/src/ch32l103_adc.c.obj
ADC_AnalogWatchdogSingleChannelConfig             CMakeFiles/ina_iic.elf.dir/Peripheral/src/ch32l103_adc.c.obj
ADC_AnalogWatchdogThresholdsConfig                CMakeFiles/ina_iic.elf.dir/Peripheral/src/ch32l103_adc.c.obj
ADC_AutoInjectedConvCmd                           CMakeFiles/ina_iic.elf.dir/Peripheral/src/ch32l103_adc.c.obj
ADC_BufferCmd                                     CMakeFiles/ina_iic.elf.dir/Peripheral/src/ch32l103_adc.c.obj
ADC_ClearFlag                                     CMakeFiles/ina_iic.elf.dir/Peripheral/src/ch32l103_adc.c.obj
ADC_ClearITPendingBit                             CMakeFiles/ina_iic.elf.dir/Peripheral/src/ch32l103_adc.c.obj
ADC_Cmd                                           CMakeFiles/ina_iic.elf.dir/Peripheral/src/ch32l103_adc.c.obj
ADC_DMACmd                                        CMakeFiles/ina_iic.elf.dir/Peripheral/src/ch32l103_adc.c.obj
ADC_DeInit                                        CMakeFiles/ina_iic.elf.dir/Peripheral/src/ch32l103_adc.c.obj
ADC_DiscModeChannelCountConfig                    CMakeFiles/ina_iic.elf.dir/Peripheral/src/ch32l103_adc.c.obj
ADC_DiscModeCmd                                   CMakeFiles/ina_iic.elf.dir/Peripheral/src/ch32l103_adc.c.obj
ADC_DutyDelayCmd                                  CMakeFiles/ina_iic.elf.dir/Peripheral/src/ch32l103_adc.c.obj
ADC_ExternalTrigConvCmd                           CMakeFiles/ina_iic.elf.dir/Peripheral/src/ch32l103_adc.c.obj
ADC_ExternalTrigInjectedConvCmd                   CMakeFiles/ina_iic.elf.dir/Peripheral/src/ch32l103_adc.c.obj
ADC_ExternalTrigInjectedConvConfig                CMakeFiles/ina_iic.elf.dir/Peripheral/src/ch32l103_adc.c.obj
ADC_FIFO_Cmd                                      CMakeFiles/ina_iic.elf.dir/Peripheral/src/ch32l103_adc.c.obj
ADC_GetCalibrationStatus                          CMakeFiles/ina_iic.elf.dir/Peripheral/src/ch32l103_adc.c.obj
ADC_GetConversionValue                            CMakeFiles/ina_iic.elf.dir/Peripheral/src/ch32l103_adc.c.obj
ADC_GetDualModeConversionValue                    CMakeFiles/ina_iic.elf.dir/Peripheral/src/ch32l103_adc.c.obj
ADC_GetFlagStatus                                 CMakeFiles/ina_iic.elf.dir/Peripheral/src/ch32l103_adc.c.obj
ADC_GetITStatus                                   CMakeFiles/ina_iic.elf.dir/Peripheral/src/ch32l103_adc.c.obj
ADC_GetInjectedConversionValue                    CMakeFiles/ina_iic.elf.dir/Peripheral/src/ch32l103_adc.c.obj
ADC_GetResetCalibrationStatus                     CMakeFiles/ina_iic.elf.dir/Peripheral/src/ch32l103_adc.c.obj
ADC_GetSoftwareStartConvStatus                    CMakeFiles/ina_iic.elf.dir/Peripheral/src/ch32l103_adc.c.obj
ADC_GetSoftwareStartInjectedConvCmdStatus         CMakeFiles/ina_iic.elf.dir/Peripheral/src/ch32l103_adc.c.obj
ADC_IRQHandler                                    CMakeFiles/ina_iic.elf.dir/Startup/startup_ch32l103.S.obj
ADC_ITConfig                                      CMakeFiles/ina_iic.elf.dir/Peripheral/src/ch32l103_adc.c.obj
ADC_Init                                          CMakeFiles/ina_iic.elf.dir/Peripheral/src/ch32l103_adc.c.obj
ADC_InjectedChannelConfig                         CMakeFiles/ina_iic.elf.dir/Peripheral/src/ch32l103_adc.c.obj
ADC_InjectedDiscModeCmd                           CMakeFiles/ina_iic.elf.dir/Peripheral/src/ch32l103_adc.c.obj
ADC_InjectedSequencerLengthConfig                 CMakeFiles/ina_iic.elf.dir/Peripheral/src/ch32l103_adc.c.obj